Archive member included because of file (symbol)

c:/siliconlabs/simplicitystudio/v4/developer/toolchains/gnu_arm/4.9_2015q3/bin/../lib/gcc/arm-none-eabi/4.9.3/armv7e-m/softfp\libgcc.a(_arm_addsubdf3.o)
                              ./src/main.o (__aeabi_f2d)
c:/siliconlabs/simplicitystudio/v4/developer/toolchains/gnu_arm/4.9_2015q3/bin/../lib/gcc/arm-none-eabi/4.9.3/armv7e-m/softfp\libgcc.a(_aeabi_uldivmod.o)
                              ./Drivers/rtcdriver.o (__aeabi_uldivmod)
c:/siliconlabs/simplicitystudio/v4/developer/toolchains/gnu_arm/4.9_2015q3/bin/../lib/gcc/arm-none-eabi/4.9.3/armv7e-m/softfp\libgcc.a(bpabi.o)
                              c:/siliconlabs/simplicitystudio/v4/developer/toolchains/gnu_arm/4.9_2015q3/bin/../lib/gcc/arm-none-eabi/4.9.3/armv7e-m/softfp\libgcc.a(_aeabi_uldivmod.o) (__gnu_uldivmod_helper)
c:/siliconlabs/simplicitystudio/v4/developer/toolchains/gnu_arm/4.9_2015q3/bin/../lib/gcc/arm-none-eabi/4.9.3/armv7e-m/softfp\libgcc.a(_dvmd_tls.o)
                              c:/siliconlabs/simplicitystudio/v4/developer/toolchains/gnu_arm/4.9_2015q3/bin/../lib/gcc/arm-none-eabi/4.9.3/armv7e-m/softfp\libgcc.a(_aeabi_uldivmod.o) (__aeabi_ldiv0)
c:/siliconlabs/simplicitystudio/v4/developer/toolchains/gnu_arm/4.9_2015q3/bin/../lib/gcc/arm-none-eabi/4.9.3/armv7e-m/softfp\libgcc.a(_divdi3.o)
                              c:/siliconlabs/simplicitystudio/v4/developer/toolchains/gnu_arm/4.9_2015q3/bin/../lib/gcc/arm-none-eabi/4.9.3/armv7e-m/softfp\libgcc.a(bpabi.o) (__divdi3)
c:/siliconlabs/simplicitystudio/v4/developer/toolchains/gnu_arm/4.9_2015q3/bin/../lib/gcc/arm-none-eabi/4.9.3/armv7e-m/softfp\libgcc.a(_udivdi3.o)
                              c:/siliconlabs/simplicitystudio/v4/developer/toolchains/gnu_arm/4.9_2015q3/bin/../lib/gcc/arm-none-eabi/4.9.3/armv7e-m/softfp\libgcc.a(bpabi.o) (__udivdi3)
c:/siliconlabs/simplicitystudio/v4/developer/toolchains/gnu_arm/4.9_2015q3/bin/../lib/gcc/arm-none-eabi/4.9.3/../../../../arm-none-eabi/lib/armv7e-m/softfp\libc_nano.a(lib_a-efgcvt.o)
                              ./src/main.o (gcvt)
c:/siliconlabs/simplicitystudio/v4/developer/toolchains/gnu_arm/4.9_2015q3/bin/../lib/gcc/arm-none-eabi/4.9.3/../../../../arm-none-eabi/lib/armv7e-m/softfp\libc_nano.a(lib_a-exit.o)
                              c:/siliconlabs/simplicitystudio/v4/developer/toolchains/gnu_arm/4.9_2015q3/bin/../lib/gcc/arm-none-eabi/4.9.3/../../../../arm-none-eabi/lib/armv7e-m/softfp/crt0.o (exit)
c:/siliconlabs/simplicitystudio/v4/developer/toolchains/gnu_arm/4.9_2015q3/bin/../lib/gcc/arm-none-eabi/4.9.3/../../../../arm-none-eabi/lib/armv7e-m/softfp\libc_nano.a(lib_a-impure.o)
                              c:/siliconlabs/simplicitystudio/v4/developer/toolchains/gnu_arm/4.9_2015q3/bin/../lib/gcc/arm-none-eabi/4.9.3/../../../../arm-none-eabi/lib/armv7e-m/softfp\libc_nano.a(lib_a-exit.o) (_global_impure_ptr)
c:/siliconlabs/simplicitystudio/v4/developer/toolchains/gnu_arm/4.9_2015q3/bin/../lib/gcc/arm-none-eabi/4.9.3/../../../../arm-none-eabi/lib/armv7e-m/softfp\libc_nano.a(lib_a-init.o)
                              c:/siliconlabs/simplicitystudio/v4/developer/toolchains/gnu_arm/4.9_2015q3/bin/../lib/gcc/arm-none-eabi/4.9.3/../../../../arm-none-eabi/lib/armv7e-m/softfp/crt0.o (__libc_init_array)
c:/siliconlabs/simplicitystudio/v4/developer/toolchains/gnu_arm/4.9_2015q3/bin/../lib/gcc/arm-none-eabi/4.9.3/../../../../arm-none-eabi/lib/armv7e-m/softfp\libc_nano.a(lib_a-memcpy.o)
                              ./Drivers/uartdrv.o (memcpy)
c:/siliconlabs/simplicitystudio/v4/developer/toolchains/gnu_arm/4.9_2015q3/bin/../lib/gcc/arm-none-eabi/4.9.3/../../../../arm-none-eabi/lib/armv7e-m/softfp\libc_nano.a(lib_a-memset.o)
                              c:/siliconlabs/simplicitystudio/v4/developer/toolchains/gnu_arm/4.9_2015q3/bin/../lib/gcc/arm-none-eabi/4.9.3/../../../../arm-none-eabi/lib/armv7e-m/softfp/crt0.o (memset)
c:/siliconlabs/simplicitystudio/v4/developer/toolchains/gnu_arm/4.9_2015q3/bin/../lib/gcc/arm-none-eabi/4.9.3/../../../../arm-none-eabi/lib/armv7e-m/softfp\libc_nano.a(lib_a-sprintf.o)
                              ./src/main.o (sprintf)
c:/siliconlabs/simplicitystudio/v4/developer/toolchains/gnu_arm/4.9_2015q3/bin/../lib/gcc/arm-none-eabi/4.9.3/../../../../arm-none-eabi/lib/armv7e-m/softfp\libc_nano.a(lib_a-ecvtbuf.o)
                              c:/siliconlabs/simplicitystudio/v4/developer/toolchains/gnu_arm/4.9_2015q3/bin/../lib/gcc/arm-none-eabi/4.9.3/../../../../arm-none-eabi/lib/armv7e-m/softfp\libc_nano.a(lib_a-efgcvt.o) (fcvtbuf)
c:/siliconlabs/simplicitystudio/v4/developer/toolchains/gnu_arm/4.9_2015q3/bin/../lib/gcc/arm-none-eabi/4.9.3/../../../../arm-none-eabi/lib/armv7e-m/softfp\libc_nano.a(lib_a-mprec.o)
                              c:/siliconlabs/simplicitystudio/v4/developer/toolchains/gnu_arm/4.9_2015q3/bin/../lib/gcc/arm-none-eabi/4.9.3/../../../../arm-none-eabi/lib/armv7e-m/softfp\libc_nano.a(lib_a-ecvtbuf.o) (_mprec_log10)
[...]
Memory Configuration

Name             Origin             Length             Attributes
FLASH            0x00000000         0x00200000         xr
RAM              0x20000000         0x00080000         xrw
*default*        0x00000000         0xffffffff

Linker script and memory map

LOAD c:/siliconlabs/simplicitystudio/v4/developer/toolchains/gnu_arm/4.9_2015q3/bin/../lib/gcc/arm-none-eabi/4.9.3/armv7e-m/softfp/crti.o
LOAD c:/siliconlabs/simplicitystudio/v4/developer/toolchains/gnu_arm/4.9_2015q3/bin/../lib/gcc/arm-none-eabi/4.9.3/armv7e-m/softfp/crtbegin.o
LOAD c:/siliconlabs/simplicitystudio/v4/developer/toolchains/gnu_arm/4.9_2015q3/bin/../lib/gcc/arm-none-eabi/4.9.3/../../../../arm-none-eabi/lib/armv7e-m/softfp/crt0.o
LOAD ./CMSIS/EFM32GG11B/startup_efm32gg11b.o
LOAD ./CMSIS/EFM32GG11B/system_efm32gg11b.o
LOAD ./Drivers/dmadrv.o
LOAD ./Drivers/gpiointerrupt.o
LOAD ./Drivers/rtcdriver.o
LOAD ./Drivers/spidrv.o
LOAD ./Drivers/uartdrv.o
LOAD ./Drivers/ustimer.o
LOAD ./emlib/em_cmu.o
LOAD ./emlib/em_core.o
LOAD ./emlib/em_dma.o
LOAD ./emlib/em_emu.o
LOAD ./emlib/em_gpio.o
LOAD ./emlib/em_ldma.o
LOAD ./emlib/em_leuart.o
LOAD ./emlib/em_rtc.o
LOAD ./emlib/em_rtcc.o
LOAD ./emlib/em_system.o
LOAD ./emlib/em_usart.o
LOAD ./src/main.o
START GROUP
LOAD c:/siliconlabs/simplicitystudio/v4/developer/toolchains/gnu_arm/4.9_2015q3/bin/../lib/gcc/arm-none-eabi/4.9.3/armv7e-m/softfp\libgcc.a
LOAD c:/siliconlabs/simplicitystudio/v4/developer/toolchains/gnu_arm/4.9_2015q3/bin/../lib/gcc/arm-none-eabi/4.9.3/../../../../arm-none-eabi/lib/armv7e-m/softfp\libc_nano.a
LOAD c:/siliconlabs/simplicitystudio/v4/developer/toolchains/gnu_arm/4.9_2015q3/bin/../lib/gcc/arm-none-eabi/4.9.3/../../../../arm-none-eabi/lib/armv7e-m/softfp\libnosys.a
END GROUP
START GROUP
LOAD c:/siliconlabs/simplicitystudio/v4/developer/toolchains/gnu_arm/4.9_2015q3/bin/../lib/gcc/arm-none-eabi/4.9.3/armv7e-m/softfp\libgcc.a
LOAD c:/siliconlabs/simplicitystudio/v4/developer/toolchains/gnu_arm/4.9_2015q3/bin/../lib/gcc/arm-none-eabi/4.9.3/../../../../arm-none-eabi/lib/armv7e-m/softfp\libg_nano.a
LOAD c:/siliconlabs/simplicitystudio/v4/developer/toolchains/gnu_arm/4.9_2015q3/bin/../lib/gcc/arm-none-eabi/4.9.3/../../../../arm-none-eabi/lib/armv7e-m/softfp\libc_nano.a
END GROUP
START GROUP
LOAD c:/siliconlabs/simplicitystudio/v4/developer/toolchains/gnu_arm/4.9_2015q3/bin/../lib/gcc/arm-none-eabi/4.9.3/armv7e-m/softfp\libgcc.a
LOAD c:/siliconlabs/simplicitystudio/v4/developer/toolchains/gnu_arm/4.9_2015q3/bin/../lib/gcc/arm-none-eabi/4.9.3/../../../../arm-none-eabi/lib/armv7e-m/softfp\libc_nano.a
END GROUP
LOAD c:/siliconlabs/simplicitystudio/v4/developer/toolchains/gnu_arm/4.9_2015q3/bin/../lib/gcc/arm-none-eabi/4.9.3/armv7e-m/softfp/crtend.o
LOAD c:/siliconlabs/simplicitystudio/v4/developer/toolchains/gnu_arm/4.9_2015q3/bin/../lib/gcc/arm-none-eabi/4.9.3/armv7e-m/softfp/crtn.o

.text           0x00000000     0xa434
 *(.vectors)
 .vectors       0x00000000      0x150 ./CMSIS/EFM32GG11B/startup_efm32gg11b.o
                0x00000000                __Vectors
                0x00000150                __Vectors_End = .
                0x00000150                __Vectors_Size = (__Vectors_End - __Vectors)
                0x00000150                __end__ = .
 *(.text*)
 .text          0x00000150       0x5c c:/siliconlabs/simplicitystudio/v4/developer/toolchains/gnu_arm/4.9_2015q3/bin/../lib/gcc/arm-none-eabi/4.9.3/armv7e-m/softfp/crtbegin.o
 .text          0x000001ac       0x74 c:/siliconlabs/simplicitystudio/v4/developer/toolchains/gnu_arm/4.9_2015q3/bin/../lib/gcc/arm-none-eabi/4.9.3/../../../../arm-none-eabi/lib/armv7e-m/softfp/crt0.o
                0x000001ac                _start
                0x000001ac                _mainCRTStartup
 .text          0x00000220       0x30 ./CMSIS/EFM32GG11B/startup_efm32gg11b.o
                0x00000220                Reset_Handler
                0x0000024c                TIMER5_IRQHandler
                0x0000024c                DebugMon_Handler
                0x0000024c                USART0_TX_IRQHandler
                0x0000024c                USART5_RX_IRQHandler
                0x0000024c                I2C0_IRQHandler
                0x0000024c                HardFault_Handler
                0x0000024c                LEUART1_IRQHandler
                0x0000024c                SysTick_Handler
                0x0000024c                SDIO_IRQHandler
                0x0000024c                USART1_RX_IRQHandler
                0x0000024c                PendSV_Handler
                0x0000024c                NMI_Handler
                0x0000024c                I2C1_IRQHandler
                0x0000024c                CAN1_IRQHandler
                0x0000024c                WTIMER0_IRQHandler
                0x0000024c                WTIMER3_IRQHandler
                0x0000024c                CRYPTO0_IRQHandler
                0x0000024c                WDOG0_IRQHandler
                0x0000024c                TIMER3_IRQHandler
                0x0000024c                USART1_TX_IRQHandler
                0x0000024c                USART4_RX_IRQHandler
                0x0000024c                SMU_IRQHandler
                0x0000024c                MSC_IRQHandler
                0x0000024c                ADC0_IRQHandler
                0x0000024c                UsageFault_Handler
                0x0000024c                WDOG1_IRQHandler
                0x0000024c                LEUART0_IRQHandler
                0x0000024c                TIMER4_IRQHandler
                0x0000024c                FPUEH_IRQHandler
                0x0000024c                WTIMER1_IRQHandler
                0x0000024c                UART0_TX_IRQHandler
                0x0000024c                UART1_TX_IRQHandler
                0x0000024c                VDAC0_IRQHandler
                0x0000024c                QSPI0_IRQHandler
                0x0000024c                TIMER6_IRQHandler
                0x0000024c                CSEN_IRQHandler
                0x0000024c                ADC1_IRQHandler
                0x0000024c                I2C2_IRQHandler
                0x0000024c                RTC_IRQHandler
                0x0000024c                TIMER2_IRQHandler
                0x0000024c                LCD_IRQHandler
                0x0000024c                PCNT2_IRQHandler
                0x0000024c                UART0_RX_IRQHandler
                0x0000024c                WTIMER2_IRQHandler
                0x0000024c                LETIMER0_IRQHandler
                0x0000024c                TIMER1_IRQHandler
                0x0000024c                TRNG0_IRQHandler
                0x0000024c                USART2_RX_IRQHandler
                0x0000024c                Default_Handler
                0x0000024c                EMU_IRQHandler
                0x0000024c                CRYOTIMER_IRQHandler
                0x0000024c                PCNT0_IRQHandler
                0x0000024c                USB_IRQHandler
                0x0000024c                USART4_TX_IRQHandler
                0x0000024c                PCNT1_IRQHandler
                0x0000024c                ACMP0_IRQHandler
                0x0000024c                USART0_RX_IRQHandler
                0x0000024c                USART5_TX_IRQHandler
                0x0000024c                MemManage_Handler
                0x0000024c                SVC_Handler
                0x0000024c                USART3_RX_IRQHandler
                0x0000024c                UART1_RX_IRQHandler
                0x0000024c                ETH_IRQHandler
                0x0000024c                CMU_IRQHandler
                0x0000024c                EBI_IRQHandler
                0x0000024c                CAN0_IRQHandler
                0x0000024c                LESENSE_IRQHandler
                0x0000024c                USART3_TX_IRQHandler
                0x0000024c                LETIMER1_IRQHandler
                0x0000024c                ACMP2_IRQHandler
                0x0000024c                BusFault_Handler
                0x0000024c                USART2_TX_IRQHandler
                0x0000024c                IDAC0_IRQHandler
 .text.SystemCoreClockGet
                0x00000250       0x44 ./CMSIS/EFM32GG11B/system_efm32gg11b.o
                0x00000250                SystemCoreClockGet
 .text.SystemMaxCoreClockGet
                0x00000294       0x14 ./CMSIS/EFM32GG11B/system_efm32gg11b.o
                0x00000294                SystemMaxCoreClockGet
 .text.SystemHFClockGet
                0x000002a8       0x70 ./CMSIS/EFM32GG11B/system_efm32gg11b.o
                0x000002a8                SystemHFClockGet
 .text.SystemHFXOClockGet
                0x00000318       0x18 ./CMSIS/EFM32GG11B/system_efm32gg11b.o
                0x00000318                SystemHFXOClockGet
 .text.SystemInit
                0x00000330       0x20 ./CMSIS/EFM32GG11B/system_efm32gg11b.o
                0x00000330                SystemInit
 .text.SystemLFRCOClockGet
                0x00000350       0x14 ./CMSIS/EFM32GG11B/system_efm32gg11b.o
                0x00000350                SystemLFRCOClockGet
 .text.SystemULFRCOClockGet
                0x00000364       0x14 ./CMSIS/EFM32GG11B/system_efm32gg11b.o
                0x00000364                SystemULFRCOClockGet
 .text.SystemLFXOClockGet
                0x00000378       0x18 ./CMSIS/EFM32GG11B/system_efm32gg11b.o
                0x00000378                SystemLFXOClockGet
 .text.DMADRV_AllocateChannel
                0x00000390       0xa4 ./Drivers/dmadrv.o
                0x00000390                DMADRV_AllocateChannel
 .text.DMADRV_Init
                0x00000434       0x7c ./Drivers/dmadrv.o
                0x00000434                DMADRV_Init
 .text.DMADRV_MemoryPeripheral
                0x000004b0       0x48 ./Drivers/dmadrv.o
                0x000004b0                DMADRV_MemoryPeripheral
 .text.DMADRV_PeripheralMemory
                0x000004f8       0x48 ./Drivers/dmadrv.o
                0x000004f8                DMADRV_PeripheralMemory
 .text.DMADRV_PauseTransfer
                0x00000540       0x68 ./Drivers/dmadrv.o
                0x00000540                DMADRV_PauseTransfer
 .text.DMADRV_ResumeTransfer
                0x000005a8       0x68 ./Drivers/dmadrv.o
                0x000005a8                DMADRV_ResumeTransfer
 .text.DMADRV_TransferActive
                0x00000610       0x8c ./Drivers/dmadrv.o
                0x00000610                DMADRV_TransferActive
 .text.LDMA_IRQHandler
                0x0000069c       0xdc ./Drivers/dmadrv.o
                0x0000069c                LDMA_IRQHandler
 .text.StartTransfer
                0x00000778      0x24c ./Drivers/dmadrv.o
 .text.NVIC_EnableIRQ
                0x000009c4       0x30 ./Drivers/gpiointerrupt.o
 .text.NVIC_ClearPendingIRQ
                0x000009f4       0x34 ./Drivers/gpiointerrupt.o
 .text.GPIO_IntClear
                0x00000a28       0x20 ./Drivers/gpiointerrupt.o
 .text.GPIO_IntGetEnabled
                0x00000a48       0x28 ./Drivers/gpiointerrupt.o
 .text.SL_CTZ   0x00000a70       0x28 ./Drivers/gpiointerrupt.o
 .text.GPIOINT_Init
                0x00000a98       0x20 ./Drivers/gpiointerrupt.o
                0x00000a98                GPIOINT_Init
 .text.GPIOINT_CallbackRegister
                0x00000ab8       0x2c ./Drivers/gpiointerrupt.o
                0x00000ab8                GPIOINT_CallbackRegister
 .text.GPIOINT_IRQDispatcher
                0x00000ae4       0x50 ./Drivers/gpiointerrupt.o
 .text.GPIO_EVEN_IRQHandler
                0x00000b34       0x28 ./Drivers/gpiointerrupt.o
                0x00000b34                GPIO_EVEN_IRQHandler
 .text.GPIO_ODD_IRQHandler
                0x00000b5c       0x28 ./Drivers/gpiointerrupt.o
                0x00000b5c                GPIO_ODD_IRQHandler
 .text.NVIC_EnableIRQ
                0x00000b84       0x30 ./Drivers/rtcdriver.o
 .text.NVIC_ClearPendingIRQ
                0x00000bb4       0x34 ./Drivers/rtcdriver.o
 .text.CMU_DivToLog2
                0x00000be8       0x34 ./Drivers/rtcdriver.o
 .text.RTCC_ChannelCCVGet
                0x00000c1c       0x24 ./Drivers/rtcdriver.o
 .text.RTCC_ChannelCCVSet
                0x00000c40       0x28 ./Drivers/rtcdriver.o
 .text.RTCC_CounterGet
                0x00000c68       0x18 ./Drivers/rtcdriver.o
 .text.RTCC_IntClear
                0x00000c80       0x1c ./Drivers/rtcdriver.o
 .text.RTCC_IntDisable
                0x00000c9c       0x24 ./Drivers/rtcdriver.o
 .text.RTCC_IntEnable
                0x00000cc0       0x24 ./Drivers/rtcdriver.o
 .text.RTCC_IntGetEnabled
                0x00000ce4       0x24 ./Drivers/rtcdriver.o
 .text.RTCDRV_AllocateTimer
                0x00000d08       0x8c ./Drivers/rtcdriver.o
                0x00000d08                RTCDRV_AllocateTimer
 .text.RTCDRV_Init
                0x00000d94       0xbc ./Drivers/rtcdriver.o
                0x00000d94                RTCDRV_Init
 .text.RTCDRV_StartTimer
                0x00000e50      0x30c ./Drivers/rtcdriver.o
                0x00000e50                RTCDRV_StartTimer
 .text.RTCDRV_StopTimer
                0x0000115c       0x70 ./Drivers/rtcdriver.o
                0x0000115c                RTCDRV_StopTimer
 .text.RTCC_IRQHandler
                0x000011cc       0xa4 ./Drivers/rtcdriver.o
                0x000011cc                RTCC_IRQHandler
 .text.checkAllTimers
                0x00001270      0x2c8 ./Drivers/rtcdriver.o
 .text.executeTimerCallbacks
                0x00001538       0x64 ./Drivers/rtcdriver.o
 .text.rescheduleRtc
                0x0000159c       0xe8 ./Drivers/rtcdriver.o
 .text.SPIDRV_Init
                0x00001684      0x338 ./Drivers/spidrv.o
                0x00001684                SPIDRV_Init
 .text.SPIDRV_MTransferB
                0x000019bc       0x68 ./Drivers/spidrv.o
                0x000019bc                SPIDRV_MTransferB
 .text.SPIDRV_MTransmitB
                0x00001a24       0x54 ./Drivers/spidrv.o
                0x00001a24                SPIDRV_MTransmitB
 .text.BlockingComplete
                0x00001a78       0x24 ./Drivers/spidrv.o
 .text.ConfigGPIO
                0x00001a9c     0x106c ./Drivers/spidrv.o
 .text.RxDMAComplete
                0x00002b08       0x64 ./Drivers/spidrv.o
 .text.StartTransferDMA
                0x00002b6c       0xc4 ./Drivers/spidrv.o
 .text.StartTransmitDMA
                0x00002c30       0xc4 ./Drivers/spidrv.o
 .text.TransferApiBlockingPrologue
                0x00002cf4       0x70 ./Drivers/spidrv.o
 .text.WaitForTransferCompletion
                0x00002d64       0x48 ./Drivers/spidrv.o
 .text.USART_IntClear
                0x00002dac       0x1c ./Drivers/uartdrv.o
 .text.BUS_RegBitRead
                0x00002dc8       0x2c ./Drivers/uartdrv.o
 .text.BUS_RegMaskedSet
                0x00002df4       0x24 ./Drivers/uartdrv.o
 .text.BUS_RegMaskedClear
                0x00002e18       0x24 ./Drivers/uartdrv.o
 .text.GPIO_PinInGet
                0x00002e3c       0x68 ./Drivers/uartdrv.o
 .text.GPIO_PinOutClear
                0x00002ea4       0x6c ./Drivers/uartdrv.o
 .text.GPIO_PinOutSet
                0x00002f10       0x6c ./Drivers/uartdrv.o
 .text.GPIO_IntConfig
                0x00002f7c       0x38 ./Drivers/uartdrv.o
 .text.HwFcCtsIrqGetDrvHandle
                0x00002fb4       0x48 ./Drivers/uartdrv.o
 .text.HwFcGetClearToSendPin
                0x00002ffc       0x34 ./Drivers/uartdrv.o
 .text.HwFcManageClearToSend
                0x00003030       0xa0 ./Drivers/uartdrv.o
 .text.FcApplyState
                0x000030d0       0xcc ./Drivers/uartdrv.o
 .text.EnqueueBuffer
                0x0000319c       0xa8 ./Drivers/uartdrv.o
 .text.DequeueBuffer
                0x00003244       0x84 ./Drivers/uartdrv.o
 .text.GetTailBuffer
                0x000032c8       0x58 ./Drivers/uartdrv.o
 .text.EnableTransmitter
                0x00003320       0x88 ./Drivers/uartdrv.o
 .text.DisableTransmitter
                0x000033a8       0x68 ./Drivers/uartdrv.o
 .text.StartTransmitDma
                0x00003410       0x84 ./Drivers/uartdrv.o
 .text.TransmitDmaComplete
                0x00003494       0xb0 ./Drivers/uartdrv.o
 .text.CheckParams
                0x00003544       0x44 ./Drivers/uartdrv.o
 .text.SetupGpioUart
                0x00003588      0xa94 ./Drivers/uartdrv.o
 .text.ConfigGpio
                0x0000401c      0x16c ./Drivers/uartdrv.o
 .text.SetHandleIndex
                0x00004188       0xa4 ./Drivers/uartdrv.o
 .text.InitializeQueues
                0x0000422c       0x6c ./Drivers/uartdrv.o
 .text.InitializeGpioFlowControl
                0x00004298       0x3c ./Drivers/uartdrv.o
 .text.InitializeDma
                0x000042d4       0x48 ./Drivers/uartdrv.o
 .text.UARTDRV_InitUart
                0x0000431c      0x350 ./Drivers/uartdrv.o
                0x0000431c                UARTDRV_InitUart
 .text.UARTDRV_ForceTransmit
                0x0000466c      0x124 ./Drivers/uartdrv.o
                0x0000466c                UARTDRV_ForceTransmit
 .text.UARTDRV_PauseTransmit
                0x00004790       0x54 ./Drivers/uartdrv.o
                0x00004790                UARTDRV_PauseTransmit
 .text.UARTDRV_ResumeTransmit
                0x000047e4       0x68 ./Drivers/uartdrv.o
                0x000047e4                UARTDRV_ResumeTransmit
 .text.UARTDRV_Transmit
                0x0000484c       0xa4 ./Drivers/uartdrv.o
                0x0000484c                UARTDRV_Transmit
 .text.TIMER_IntClear
                0x000048f0       0x1c ./Drivers/ustimer.o
 .text.TIMER_IntGet
                0x0000490c       0x18 ./Drivers/ustimer.o
 .text.TIMER0_IRQHandler
                0x00004924       0x34 ./Drivers/ustimer.o
                0x00004924                TIMER0_IRQHandler
 .text.BUS_RegBitWrite
                0x00004958       0x2c ./emlib/em_cmu.o
 .text.BUS_RegBitRead
                0x00004984       0x2c ./emlib/em_cmu.o
 .text.BUS_RegMaskedSet
                0x000049b0       0x24 ./emlib/em_cmu.o
 .text.BUS_RegMaskedClear
                0x000049d4       0x24 ./emlib/em_cmu.o
 .text.CMU_Log2ToDiv
                0x000049f8       0x1c ./emlib/em_cmu.o
 .text.EMU_VScaleWait
                0x00004a14       0x1c ./emlib/em_cmu.o
 .text.EMU_VScaleGet
                0x00004a30       0x1c ./emlib/em_cmu.o
 .text.setHfLeConfig
                0x00004a4c       0x64 ./emlib/em_cmu.o
 .text.auxClkGet
                0x00004ab0       0x20 ./emlib/em_cmu.o
 .text.hfSrcClkGet
                0x00004ad0       0x2c ./emlib/em_cmu.o
 .text.dbgClkGet
                0x00004afc       0x40 ./emlib/em_cmu.o
 .text.adcAsyncClkGet
                0x00004b3c       0x98 ./emlib/em_cmu.o
 .text.sdioRefClkGet
                0x00004bd4       0x78 ./emlib/em_cmu.o
 .text.qspiRefClkGet
                0x00004c4c       0x84 ./emlib/em_cmu.o
 .text.usbRateClkGet
                0x00004cd0       0x98 ./emlib/em_cmu.o
 .text.flashWaitStateControl
                0x00004d68       0xb4 ./emlib/em_cmu.o
 .text.flashWaitStateMax
                0x00004e1c       0x14 ./emlib/em_cmu.o
 .text.setRamWaitState
                0x00004e30       0x48 ./emlib/em_cmu.o
 .text.setBusWaitState
                0x00004e78       0x3c ./emlib/em_cmu.o
 .text.CMU_UpdateWaitStates
                0x00004eb4       0x28 ./emlib/em_cmu.o
                0x00004eb4                CMU_UpdateWaitStates
 .text.getHfxoTuningMode
                0x00004edc       0x1c ./emlib/em_cmu.o
 .text.setHfxoTuningMode
                0x00004ef8       0x28 ./emlib/em_cmu.o
 .text.lfClkGet
                0x00004f20      0x118 ./emlib/em_cmu.o
 .text.syncReg  0x00005038       0x38 ./emlib/em_cmu.o
 .text.CMU_ClockEnable
                0x00005070      0x150 ./emlib/em_cmu.o
                0x00005070                CMU_ClockEnable
 .text.CMU_ClockFreqGet
                0x000051c0      0x304 ./emlib/em_cmu.o
                0x000051c0                CMU_ClockFreqGet
 .text.CMU_ClockSelectGet
                0x000054c4      0x2c0 ./emlib/em_cmu.o
                0x000054c4                CMU_ClockSelectGet
 .text.CMU_ClockSelectSet
                0x00005784      0x550 ./emlib/em_cmu.o
                0x00005784                CMU_ClockSelectSet
 .text.CMU_HFRCOBandGet
                0x00005cd4       0x18 ./emlib/em_cmu.o
                0x00005cd4                CMU_HFRCOBandGet
 .text.CMU_OscillatorEnable
                0x00005cec      0x18c ./emlib/em_cmu.o
                0x00005cec                CMU_OscillatorEnable
 .text.CMU_OscillatorTuningGet
                0x00005e78       0x74 ./emlib/em_cmu.o
                0x00005e78                CMU_OscillatorTuningGet
 .text.CMU_OscillatorTuningSet
                0x00005eec       0xec ./emlib/em_cmu.o
                0x00005eec                CMU_OscillatorTuningSet
 .text.CMU_OscillatorTuningWait
                0x00005fd8       0x58 ./emlib/em_cmu.o
                0x00005fd8                CMU_OscillatorTuningWait
 .text.NVIC_GetPriority
                0x00006030       0x50 ./emlib/em_core.o
 .text.CORE_EnterAtomic
                0x00006080       0x20 ./emlib/em_core.o
                0x00006080                CORE_EnterAtomic
 .text.CORE_ExitAtomic
                0x000060a0       0x1c ./emlib/em_core.o
                0x000060a0                CORE_ExitAtomic
 .text.CORE_IrqIsBlocked
                0x000060bc       0xac ./emlib/em_core.o
                0x000060bc                CORE_IrqIsBlocked
 .text.CORE_NvicIRQDisabled
                0x00006168       0x58 ./emlib/em_core.o
                0x00006168                CORE_NvicIRQDisabled
 .text.BUS_RegBitRead
                0x000061c0       0x2c ./emlib/em_emu.o
 .text.EMU_VScaleWait
                0x000061ec       0x1c ./emlib/em_emu.o
 .text.EMU_VScaleGet
                0x00006208       0x1c ./emlib/em_emu.o
 .text.vScaleEM01Cmd
                0x00006224       0x24 ./emlib/em_emu.o
 .text.EMU_VScaleEM01ByClock
                0x00006248       0x70 ./emlib/em_emu.o
                0x00006248                EMU_VScaleEM01ByClock
 .text.EMU_VScaleEM01
                0x000062b8       0x84 ./emlib/em_emu.o
                0x000062b8                EMU_VScaleEM01
 .text.BUS_RegBitWrite
                0x0000633c       0x2c ./emlib/em_gpio.o
 .text.BUS_RegMaskedSet
                0x00006368       0x24 ./emlib/em_gpio.o
 .text.BUS_RegMaskedClear
                0x0000638c       0x24 ./emlib/em_gpio.o
 .text.BUS_RegMaskedWrite
                0x000063b0       0x24 ./emlib/em_gpio.o
 .text.GPIO_PinOutClear
                0x000063d4       0x6c ./emlib/em_gpio.o
 .text.GPIO_PinOutSet
                0x00006440       0x6c ./emlib/em_gpio.o
 .text.GPIO_ExtIntConfig
                0x000064ac      0x138 ./emlib/em_gpio.o
                0x000064ac                GPIO_ExtIntConfig
 .text.GPIO_PinModeSet
                0x000065e4      0x120 ./emlib/em_gpio.o
                0x000065e4                GPIO_PinModeSet
 .text.NVIC_EnableIRQ
                0x00006704       0x30 ./emlib/em_ldma.o
 .text.NVIC_ClearPendingIRQ
                0x00006734       0x34 ./emlib/em_ldma.o
 .text.NVIC_SetPriority
                0x00006768       0x54 ./emlib/em_ldma.o
 .text.BUS_RegBitWrite
                0x000067bc       0x2c ./emlib/em_ldma.o
 .text.BUS_RegMaskedClear
                0x000067e8       0x24 ./emlib/em_ldma.o
 .text.LDMA_EnableChannelRequest
                0x0000680c       0x2c ./emlib/em_ldma.o
                0x0000680c                LDMA_EnableChannelRequest
 .text.LDMA_Init
                0x00006838       0x70 ./emlib/em_ldma.o
                0x00006838                LDMA_Init
 .text.LDMA_StartTransfer
                0x000068a8      0x150 ./emlib/em_ldma.o
                0x000068a8                LDMA_StartTransfer
 .text.LEUART_Sync
                0x000069f8       0x30 ./emlib/em_leuart.o
 .text.LEUART_Tx
                0x00006a28       0x30 ./emlib/em_leuart.o
                0x00006a28                LEUART_Tx
 .text.RTCC_ChannelInit
                0x00006a58       0x5c ./emlib/em_rtcc.o
                0x00006a58                RTCC_ChannelInit
 .text.RTCC_Init
                0x00006ab4       0x68 ./emlib/em_rtcc.o
                0x00006ab4                RTCC_Init
 .text.USART_BaudrateAsyncSet
                0x00006b1c       0xb0 ./emlib/em_usart.o
                0x00006b1c                USART_BaudrateAsyncSet
 .text.USART_BaudrateSyncSet
                0x00006bcc       0x40 ./emlib/em_usart.o
                0x00006bcc                USART_BaudrateSyncSet
 .text.USART_Enable
                0x00006c0c       0x94 ./emlib/em_usart.o
                0x00006c0c                USART_Enable
 .text.USART_InitAsync
                0x00006ca0      0x104 ./emlib/em_usart.o
                0x00006ca0                USART_InitAsync
 .text.USART_InitSync
                0x00006da4      0x120 ./emlib/em_usart.o
                0x00006da4                USART_InitSync
 .text.USART_Reset
                0x00006ec4       0xe4 ./emlib/em_usart.o
                0x00006ec4                USART_Reset
 .text.USART_Tx
                0x00006fa8       0x2c ./emlib/em_usart.o
                0x00006fa8                USART_Tx
 .text.GPIO_IntClear
                0x00006fd4       0x20 ./src/main.o
 .text.GPIO_IntDisable
                0x00006ff4       0x28 ./src/main.o
 .text.GPIO_IntEnable
                0x0000701c       0x28 ./src/main.o
 .text.CHIP_Init
                0x00007044        0xc ./src/main.o
 .text.SPI_Init
                0x00007050       0x34 ./src/main.o
                0x00007050                SPI_Init
 .text.UART_Init
                0x00007084       0x34 ./src/main.o
                0x00007084                UART_Init
 .text.callback_UARTTX
                0x000070b8       0x18 ./src/main.o
                0x000070b8                callback_UARTTX
 .text.callback_RTC
                0x000070d0       0x90 ./src/main.o
                0x000070d0                callback_RTC
 .text.GPIOINT_callback
                0x00007160       0x34 ./src/main.o
                0x00007160                GPIOINT_callback
 .text.setupGPIOInt
                0x00007194       0x40 ./src/main.o
                0x00007194                setupGPIOInt
 .text.main     0x000071d4       0xb4 ./src/main.o
                0x000071d4                main
 .text.pollRTC  0x00007288       0x78 ./src/main.o
                0x00007288                pollRTC
 .text.pollTOF  0x00007300       0x44 ./src/main.o
                0x00007300                pollTOF
 .text.processRTC_ASCII
                0x00007344      0x138 ./src/main.o
                0x00007344                processRTC_ASCII
 .text.processTOF_ASCII
                0x0000747c       0x94 ./src/main.o
                0x0000747c                processTOF_ASCII
 .text          0x00007510      0x370 c:/siliconlabs/simplicitystudio/v4/developer/toolchains/gnu_arm/4.9_2015q3/bin/../lib/gcc/arm-none-eabi/4.9.3/armv7e-m/softfp\libgcc.a(_arm_addsubdf3.o)
                0x00007510                __aeabi_drsub
                0x00007518                __aeabi_dsub
                0x00007518                __subdf3
                0x0000751c                __aeabi_dadd
                0x0000751c                __adddf3
                0x00007794                __floatunsidf
                0x00007794                __aeabi_ui2d
                0x000077b4                __floatsidf
                0x000077b4                __aeabi_i2d
                0x000077d8                __aeabi_f2d
                0x000077d8                __extendsfdf2
                0x00007814                __floatundidf
                0x00007814                __aeabi_ul2d
                0x00007824                __floatdidf
                0x00007824                __aeabi_l2d
 .text          0x00007880       0x30 c:/siliconlabs/simplicitystudio/v4/developer/toolchains/gnu_arm/4.9_2015q3/bin/../lib/gcc/arm-none-eabi/4.9.3/armv7e-m/softfp\libgcc.a(_aeabi_uldivmod.o)
                0x00007880                __aeabi_uldivmod
 .text          0x000078b0       0x60 c:/siliconlabs/simplicitystudio/v4/developer/toolchains/gnu_arm/4.9_2015q3/bin/../lib/gcc/arm-none-eabi/4.9.3/armv7e-m/softfp\libgcc.a(bpabi.o)
                0x000078b0                __gnu_ldivmod_helper
                0x000078e0                __gnu_uldivmod_helper
 .text          0x00007910        0x4 c:/siliconlabs/simplicitystudio/v4/developer/toolchains/gnu_arm/4.9_2015q3/bin/../lib/gcc/arm-none-eabi/4.9.3/armv7e-m/softfp\libgcc.a(_dvmd_tls.o)
                0x00007910                __aeabi_idiv0
                0x00007910                __aeabi_ldiv0
 .text          0x00007914      0x29c c:/siliconlabs/simplicitystudio/v4/developer/toolchains/gnu_arm/4.9_2015q3/bin/../lib/gcc/arm-none-eabi/4.9.3/armv7e-m/softfp\libgcc.a(_divdi3.o)
                0x00007914                __divdi3
 .text          0x00007bb0      0x26c c:/siliconlabs/simplicitystudio/v4/developer/toolchains/gnu_arm/4.9_2015q3/bin/../lib/gcc/arm-none-eabi/4.9.3/armv7e-m/softfp\libgcc.a(_udivdi3.o)
                0x00007bb0                __udivdi3
 .text.gcvt     0x00007e1c       0x48 c:/siliconlabs/simplicitystudio/v4/developer/toolchains/gnu_arm/4.9_2015q3/bin/../lib/gcc/arm-none-eabi/4.9.3/../../../../arm-none-eabi/lib/armv7e-m/softfp\libc_nano.a(lib_a-efgcvt.o)
                0x00007e1c                gcvt
 .text.exit     0x00007e64       0x28 c:/siliconlabs/simplicitystudio/v4/developer/toolchains/gnu_arm/4.9_2015q3/bin/../lib/gcc/arm-none-eabi/4.9.3/../../../../arm-none-eabi/lib/armv7e-m/softfp\libc_nano.a(lib_a-exit.o)
                0x00007e64                exit
 .text.__libc_init_array
                0x00007e8c       0x4c c:/siliconlabs/simplicitystudio/v4/developer/toolchains/gnu_arm/4.9_2015q3/bin/../lib/gcc/arm-none-eabi/4.9.3/../../../../arm-none-eabi/lib/armv7e-m/softfp\libc_nano.a(lib_a-init.o)
                0x00007e8c                __libc_init_array
 .text.memcpy   0x00007ed8       0x16 c:/siliconlabs/simplicitystudio/v4/developer/toolchains/gnu_arm/4.9_2015q3/bin/../lib/gcc/arm-none-eabi/4.9.3/../../../../arm-none-eabi/lib/armv7e-m/softfp\libc_nano.a(lib_a-memcpy.o)
                0x00007ed8                memcpy
 .text.memset   0x00007eee       0x10 c:/siliconlabs/simplicitystudio/v4/developer/toolchains/gnu_arm/4.9_2015q3/bin/../lib/gcc/arm-none-eabi/4.9.3/../../../../arm-none-eabi/lib/armv7e-m/softfp\libc_nano.a(lib_a-memset.o)
                0x00007eee                memset
 *fill*         0x00007efe        0x2 
 .text.sprintf  0x00007f00       0x48 c:/siliconlabs/simplicitystudio/v4/developer/toolchains/gnu_arm/4.9_2015q3/bin/../lib/gcc/arm-none-eabi/4.9.3/../../../../arm-none-eabi/lib/armv7e-m/softfp\libc_nano.a(lib_a-sprintf.o)
                0x00007f00                siprintf
                0x00007f00                sprintf
 .text.print_e  0x00007f48       0xea c:/siliconlabs/simplicitystudio/v4/developer/toolchains/gnu_arm/4.9_2015q3/bin/../lib/gcc/arm-none-eabi/4.9.3/../../../../arm-none-eabi/lib/armv7e-m/softfp\libc_nano.a(lib_a-ecvtbuf.o)
 *fill*         0x00008032        0x6 
 .text._gcvt    0x00008038      0x18c c:/siliconlabs/simplicitystudio/v4/developer/toolchains/gnu_arm/4.9_2015q3/bin/../lib/gcc/arm-none-eabi/4.9.3/../../../../arm-none-eabi/lib/armv7e-m/softfp\libc_nano.a(lib_a-ecvtbuf.o)
                0x00008038                _gcvt
 .text._Balloc  0x000081c4       0x6a c:/siliconlabs/simplicitystudio/v4/developer/toolchains/gnu_arm/4.9_2015q3/bin/../lib/gcc/arm-none-eabi/4.9.3/../../../../arm-none-eabi/lib/armv7e-m/softfp\libc_nano.a(lib_a-mprec.o)
                0x000081c4                _Balloc
 .text._Bfree   0x0000822e       0x2e c:/siliconlabs/simplicitystudio/v4/developer/toolchains/gnu_arm/4.9_2015q3/bin/../lib/gcc/arm-none-eabi/4.9.3/../../../../arm-none-eabi/lib/armv7e-m/softfp\libc_nano.a(lib_a-mprec.o)
                0x0000822e                _Bfree
 .text.__multadd
                0x0000825c       0x7c c:/siliconlabs/simplicitystudio/v4/developer/toolchains/gnu_arm/4.9_2015q3/bin/../lib/gcc/arm-none-eabi/4.9.3/../../../../arm-none-eabi/lib/armv7e-m/softfp\libc_nano.a(lib_a-mprec.o)
                0x0000825c                __multadd
 .text.__hi0bits
                0x000082d8       0x40 c:/siliconlabs/simplicitystudio/v4/developer/toolchains/gnu_arm/4.9_2015q3/bin/../lib/gcc/arm-none-eabi/4.9.3/../../../../arm-none-eabi/lib/armv7e-m/softfp\libc_nano.a(lib_a-mprec.o)
                0x000082d8                __hi0bits
 .text.__lo0bits
                0x00008318       0x5a c:/siliconlabs/simplicitystudio/v4/developer/toolchains/gnu_arm/4.9_2015q3/bin/../lib/gcc/arm-none-eabi/4.9.3/../../../../arm-none-eabi/lib/armv7e-m/softfp\libc_nano.a(lib_a-mprec.o)
                0x00008318                __lo0bits
 .text.__i2b    0x00008372       0x12 c:/siliconlabs/simplicitystudio/v4/developer/toolchains/gnu_arm/4.9_2015q3/bin/../lib/gcc/arm-none-eabi/4.9.3/../../../../arm-none-eabi/lib/armv7e-m/softfp\libc_nano.a(lib_a-mprec.o)
                0x00008372                __i2b
 .text.__multiply
                0x00008384      0x122 c:/siliconlabs/simplicitystudio/v4/developer/toolchains/gnu_arm/4.9_2015q3/bin/../lib/gcc/arm-none-eabi/4.9.3/../../../../arm-none-eabi/lib/armv7e-m/softfp\libc_nano.a(lib_a-mprec.o)
                0x00008384                __multiply
 *fill*         0x000084a6        0x2 
 .text.__pow5mult
                0x000084a8       0x9c c:/siliconlabs/simplicitystudio/v4/developer/toolchains/gnu_arm/4.9_2015q3/bin/../lib/gcc/arm-none-eabi/4.9.3/../../../../arm-none-eabi/lib/armv7e-m/softfp\libc_nano.a(lib_a-mprec.o)
                0x000084a8                __pow5mult
 .text.__lshift
                0x00008544       0xa6 c:/siliconlabs/simplicitystudio/v4/developer/toolchains/gnu_arm/4.9_2015q3/bin/../lib/gcc/arm-none-eabi/4.9.3/../../../../arm-none-eabi/lib/armv7e-m/softfp\libc_nano.a(lib_a-mprec.o)
                0x00008544                __lshift
 .text.__mcmp   0x000085ea       0x38 c:/siliconlabs/simplicitystudio/v4/developer/toolchains/gnu_arm/4.9_2015q3/bin/../lib/gcc/arm-none-eabi/4.9.3/../../../../arm-none-eabi/lib/armv7e-m/softfp\libc_nano.a(lib_a-mprec.o)
                0x000085ea                __mcmp
 .text.__mdiff  0x00008622       0xbe c:/siliconlabs/simplicitystudio/v4/developer/toolchains/gnu_arm/4.9_2015q3/bin/../lib/gcc/arm-none-eabi/4.9.3/../../../../arm-none-eabi/lib/armv7e-m/softfp\libc_nano.a(lib_a-mprec.o)
                0x00008622                __mdiff
 .text.__d2b    0x000086e0       0xa4 c:/siliconlabs/simplicitystudio/v4/developer/toolchains/gnu_arm/4.9_2015q3/bin/../lib/gcc/arm-none-eabi/4.9.3/../../../../arm-none-eabi/lib/armv7e-m/softfp\libc_nano.a(lib_a-mprec.o)
                0x000086e0                __d2b
 .text._mprec_log10
                0x00008784       0x34 c:/siliconlabs/simplicitystudio/v4/developer/toolchains/gnu_arm/4.9_2015q3/bin/../lib/gcc/arm-none-eabi/4.9.3/../../../../arm-none-eabi/lib/armv7e-m/softfp\libc_nano.a(lib_a-mprec.o)
                0x00008784                _mprec_log10
 .text._calloc_r
                0x000087b8       0x1c c:/siliconlabs/simplicitystudio/v4/developer/toolchains/gnu_arm/4.9_2015q3/bin/../lib/gcc/arm-none-eabi/4.9.3/../../../../arm-none-eabi/lib/armv7e-m/softfp\libc_nano.a(lib_a-nano-callocr.o)
                0x000087b8                _calloc_r
 .text._malloc_r
                0x000087d4       0xac c:/siliconlabs/simplicitystudio/v4/developer/toolchains/gnu_arm/4.9_2015q3/bin/../lib/gcc/arm-none-eabi/4.9.3/../../../../arm-none-eabi/lib/armv7e-m/softfp\libc_nano.a(lib_a-nano-mallocr.o)
                0x000087d4                _malloc_r
 .text._realloc_r
                0x00008880       0x4c c:/siliconlabs/simplicitystudio/v4/developer/toolchains/gnu_arm/4.9_2015q3/bin/../lib/gcc/arm-none-eabi/4.9.3/../../../../arm-none-eabi/lib/armv7e-m/softfp\libc_nano.a(lib_a-nano-reallocr.o)
                0x00008880                _realloc_r
 .text.__ssputs_r
                0x000088cc       0xb2 c:/siliconlabs/simplicitystudio/v4/developer/toolchains/gnu_arm/4.9_2015q3/bin/../lib/gcc/arm-none-eabi/4.9.3/../../../../arm-none-eabi/lib/armv7e-m/softfp\libc_nano.a(lib_a-nano-svfprintf.o)
                0x000088cc                __ssputs_r
 *fill*         0x0000897e        0x2 
 .text._svfprintf_r
                0x00008980      0x1e4 c:/siliconlabs/simplicitystudio/v4/developer/toolchains/gnu_arm/4.9_2015q3/bin/../lib/gcc/arm-none-eabi/4.9.3/../../../../arm-none-eabi/lib/armv7e-m/softfp\libc_nano.a(lib_a-nano-svfprintf.o)
                0x00008980                _svfiprintf_r
                0x00008980                _svfprintf_r
 .text._printf_common
                0x00008b64       0xea c:/siliconlabs/simplicitystudio/v4/developer/toolchains/gnu_arm/4.9_2015q3/bin/../lib/gcc/arm-none-eabi/4.9.3/../../../../arm-none-eabi/lib/armv7e-m/softfp\libc_nano.a(lib_a-nano-vfprintf_i.o)
                0x00008b64                _printf_common
 *fill*         0x00008c4e        0x2 
 .text._printf_i
                0x00008c50      0x240 c:/siliconlabs/simplicitystudio/v4/developer/toolchains/gnu_arm/4.9_2015q3/bin/../lib/gcc/arm-none-eabi/4.9.3/../../../../arm-none-eabi/lib/armv7e-m/softfp\libc_nano.a(lib_a-nano-vfprintf_i.o)
                0x00008c50                _printf_i
 .text._sbrk_r  0x00008e90       0x20 c:/siliconlabs/simplicitystudio/v4/developer/toolchains/gnu_arm/4.9_2015q3/bin/../lib/gcc/arm-none-eabi/4.9.3/../../../../arm-none-eabi/lib/armv7e-m/softfp\libc_nano.a(lib_a-sbrkr.o)
                0x00008e90                _sbrk_r
 .text.strcpy   0x00008eb0       0x10 c:/siliconlabs/simplicitystudio/v4/developer/toolchains/gnu_arm/4.9_2015q3/bin/../lib/gcc/arm-none-eabi/4.9.3/../../../../arm-none-eabi/lib/armv7e-m/softfp\libc_nano.a(lib_a-strcpy.o)
                0x00008eb0                strcpy
 .text.quorem   0x00008ec0      0x11a c:/siliconlabs/simplicitystudio/v4/developer/toolchains/gnu_arm/4.9_2015q3/bin/../lib/gcc/arm-none-eabi/4.9.3/../../../../arm-none-eabi/lib/armv7e-m/softfp\libc_nano.a(lib_a-dtoa.o)
 *fill*         0x00008fda        0x6 
 .text._dtoa_r  0x00008fe0      0xb88 c:/siliconlabs/simplicitystudio/v4/developer/toolchains/gnu_arm/4.9_2015q3/bin/../lib/gcc/arm-none-eabi/4.9.3/../../../../arm-none-eabi/lib/armv7e-m/softfp\libc_nano.a(lib_a-dtoa.o)
                0x00008fe0                _dtoa_r
 .text.malloc   0x00009b68       0x10 c:/siliconlabs/simplicitystudio/v4/developer/toolchains/gnu_arm/4.9_2015q3/bin/../lib/gcc/arm-none-eabi/4.9.3/../../../../arm-none-eabi/lib/armv7e-m/softfp\libc_nano.a(lib_a-malloc.o)
                0x00009b68                malloc
 .text.memchr   0x00009b78       0x1e c:/siliconlabs/simplicitystudio/v4/developer/toolchains/gnu_arm/4.9_2015q3/bin/../lib/gcc/arm-none-eabi/4.9.3/../../../../arm-none-eabi/lib/armv7e-m/softfp\libc_nano.a(lib_a-memchr.o)
                0x00009b78                memchr
 .text.memmove  0x00009b96       0x36 c:/siliconlabs/simplicitystudio/v4/developer/toolchains/gnu_arm/4.9_2015q3/bin/../lib/gcc/arm-none-eabi/4.9.3/../../../../arm-none-eabi/lib/armv7e-m/softfp\libc_nano.a(lib_a-memmove.o)
                0x00009b96                memmove
 .text._free_r  0x00009bcc       0x88 c:/siliconlabs/simplicitystudio/v4/developer/toolchains/gnu_arm/4.9_2015q3/bin/../lib/gcc/arm-none-eabi/4.9.3/../../../../arm-none-eabi/lib/armv7e-m/softfp\libc_nano.a(lib_a-nano-freer.o)
                0x00009bcc                _free_r
 .text._malloc_usable_size_r
                0x00009c54       0x14 c:/siliconlabs/simplicitystudio/v4/developer/toolchains/gnu_arm/4.9_2015q3/bin/../lib/gcc/arm-none-eabi/4.9.3/../../../../arm-none-eabi/lib/armv7e-m/softfp\libc_nano.a(lib_a-nano-msizer.o)
                0x00009c54                _malloc_usable_size_r
 .text._sbrk    0x00009c68       0x1c c:/siliconlabs/simplicitystudio/v4/developer/toolchains/gnu_arm/4.9_2015q3/bin/../lib/gcc/arm-none-eabi/4.9.3/../../../../arm-none-eabi/lib/armv7e-m/softfp\libnosys.a(sbrk.o)
                0x00009c68                _sbrk
 .text._exit    0x00009c84        0x4 c:/siliconlabs/simplicitystudio/v4/developer/toolchains/gnu_arm/4.9_2015q3/bin/../lib/gcc/arm-none-eabi/4.9.3/../../../../arm-none-eabi/lib/armv7e-m/softfp\libnosys.a(_exit.o)
                0x00009c84                _exit
 .text          0x00009c88      0x424 c:/siliconlabs/simplicitystudio/v4/developer/toolchains/gnu_arm/4.9_2015q3/bin/../lib/gcc/arm-none-eabi/4.9.3/armv7e-m/softfp\libgcc.a(_arm_muldivdf3.o)
                0x00009c88                __aeabi_dmul
                0x00009c88                __muldf3
                0x00009edc                __divdf3
                0x00009edc                __aeabi_ddiv
 .text          0x0000a0ac      0x110 c:/siliconlabs/simplicitystudio/v4/developer/toolchains/gnu_arm/4.9_2015q3/bin/../lib/gcc/arm-none-eabi/4.9.3/armv7e-m/softfp\libgcc.a(_arm_cmpdf2.o)
                0x0000a0ac                __gtdf2
                0x0000a0ac                __gedf2
                0x0000a0b4                __ltdf2
                0x0000a0b4                __ledf2
                0x0000a0bc                __nedf2
                0x0000a0bc                __eqdf2
                0x0000a0bc                __cmpdf2
                0x0000a138                __aeabi_cdrcmple
                0x0000a148                __aeabi_cdcmpeq
                0x0000a148                __aeabi_cdcmple
                0x0000a158                __aeabi_dcmpeq
                0x0000a16c                __aeabi_dcmplt
                0x0000a180                __aeabi_dcmple
                0x0000a194                __aeabi_dcmpge
                0x0000a1a8                __aeabi_dcmpgt
 .text          0x0000a1bc       0x50 c:/siliconlabs/simplicitystudio/v4/developer/toolchains/gnu_arm/4.9_2015q3/bin/../lib/gcc/arm-none-eabi/4.9.3/armv7e-m/softfp\libgcc.a(_arm_fixdfsi.o)
                0x0000a1bc                __aeabi_d2iz
                0x0000a1bc                __fixdfsi
 *(.init)
 .init          0x0000a20c        0x4 c:/siliconlabs/simplicitystudio/v4/developer/toolchains/gnu_arm/4.9_2015q3/bin/../lib/gcc/arm-none-eabi/4.9.3/armv7e-m/softfp/crti.o
                0x0000a20c                _init
 .init          0x0000a210        0x8 c:/siliconlabs/simplicitystudio/v4/developer/toolchains/gnu_arm/4.9_2015q3/bin/../lib/gcc/arm-none-eabi/4.9.3/armv7e-m/softfp/crtn.o
 *(.fini)
 .fini          0x0000a218        0x4 c:/siliconlabs/simplicitystudio/v4/developer/toolchains/gnu_arm/4.9_2015q3/bin/../lib/gcc/arm-none-eabi/4.9.3/armv7e-m/softfp/crti.o
                0x0000a218                _fini
 .fini          0x0000a21c        0x8 c:/siliconlabs/simplicitystudio/v4/developer/toolchains/gnu_arm/4.9_2015q3/bin/../lib/gcc/arm-none-eabi/4.9.3/armv7e-m/softfp/crtn.o
 *crtbegin.o(.ctors)
 *crtbegin?.o(.ctors)
 *(EXCLUDE_FILE(*crtend.o *crtend?.o) .ctors)
 *(SORT(.ctors.*))
 *(.ctors)
 *crtbegin.o(.dtors)
 *crtbegin?.o(.dtors)
 *(EXCLUDE_FILE(*crtend.o *crtend?.o) .dtors)
 *(SORT(.dtors.*))
 *(.dtors)
 *(.rodata*)
 .rodata        0x0000a224        0x4 ./Drivers/dmadrv.o
 .rodata        0x0000a228       0x18 ./Drivers/spidrv.o
 .rodata        0x0000a240       0x28 ./Drivers/uartdrv.o
 .rodata.flashWsTable
                0x0000a268       0x38 ./emlib/em_cmu.o
 .rodata        0x0000a2a0       0x47 ./src/main.o
 .rodata.str1.1
                0x0000a2e7        0x2 c:/siliconlabs/simplicitystudio/v4/developer/toolchains/gnu_arm/4.9_2015q3/bin/../lib/gcc/arm-none-eabi/4.9.3/../../../../arm-none-eabi/lib/armv7e-m/softfp\libc_nano.a(lib_a-impure.o)
 *fill*         0x0000a2e9        0x3 
 .rodata._global_impure_ptr
                0x0000a2ec        0x4 c:/siliconlabs/simplicitystudio/v4/developer/toolchains/gnu_arm/4.9_2015q3/bin/../lib/gcc/arm-none-eabi/4.9.3/../../../../arm-none-eabi/lib/armv7e-m/softfp\libc_nano.a(lib_a-impure.o)
                0x0000a2ec                _global_impure_ptr
 .rodata.__mprec_tens
                0x0000a2f0       0xc8 c:/siliconlabs/simplicitystudio/v4/developer/toolchains/gnu_arm/4.9_2015q3/bin/../lib/gcc/arm-none-eabi/4.9.3/../../../../arm-none-eabi/lib/armv7e-m/softfp\libc_nano.a(lib_a-mprec.o)
                0x0000a2f0                __mprec_tens
 .rodata.__mprec_bigtens
                0x0000a3b8       0x28 c:/siliconlabs/simplicitystudio/v4/developer/toolchains/gnu_arm/4.9_2015q3/bin/../lib/gcc/arm-none-eabi/4.9.3/../../../../arm-none-eabi/lib/armv7e-m/softfp\libc_nano.a(lib_a-mprec.o)
                0x0000a3b8                __mprec_bigtens
 .rodata.p05.5314
                0x0000a3e0        0xc c:/siliconlabs/simplicitystudio/v4/developer/toolchains/gnu_arm/4.9_2015q3/bin/../lib/gcc/arm-none-eabi/4.9.3/../../../../arm-none-eabi/lib/armv7e-m/softfp\libc_nano.a(lib_a-mprec.o)
 .rodata.str1.1
                0x0000a3ec       0x11 c:/siliconlabs/simplicitystudio/v4/developer/toolchains/gnu_arm/4.9_2015q3/bin/../lib/gcc/arm-none-eabi/4.9.3/../../../../arm-none-eabi/lib/armv7e-m/softfp\libc_nano.a(lib_a-nano-svfprintf.o)
 .rodata.str1.1
                0x0000a3fd       0x22 c:/siliconlabs/simplicitystudio/v4/developer/toolchains/gnu_arm/4.9_2015q3/bin/../lib/gcc/arm-none-eabi/4.9.3/../../../../arm-none-eabi/lib/armv7e-m/softfp\libc_nano.a(lib_a-nano-vfprintf_i.o)
 .rodata.str1.1
                0x0000a41f        0xf c:/siliconlabs/simplicitystudio/v4/developer/toolchains/gnu_arm/4.9_2015q3/bin/../lib/gcc/arm-none-eabi/4.9.3/../../../../arm-none-eabi/lib/armv7e-m/softfp\libc_nano.a(lib_a-dtoa.o)
 *(.eh_frame*)
 *fill*         0x0000a42e        0x2 
 .eh_frame      0x0000a430        0x0 c:/siliconlabs/simplicitystudio/v4/developer/toolchains/gnu_arm/4.9_2015q3/bin/../lib/gcc/arm-none-eabi/4.9.3/armv7e-m/softfp/crtbegin.o
 .eh_frame      0x0000a430        0x4 c:/siliconlabs/simplicitystudio/v4/developer/toolchains/gnu_arm/4.9_2015q3/bin/../lib/gcc/arm-none-eabi/4.9.3/armv7e-m/softfp/crtend.o

.glue_7         0x0000a434        0x0
 .glue_7        0x00000000        0x0 linker stubs

.glue_7t        0x0000a434        0x0
 .glue_7t       0x00000000        0x0 linker stubs

.vfp11_veneer   0x0000a434        0x0
 .vfp11_veneer  0x00000000        0x0 linker stubs

.v4_bx          0x0000a434        0x0
 .v4_bx         0x00000000        0x0 linker stubs

.iplt           0x0000a434        0x0
 .iplt          0x00000000        0x0 c:/siliconlabs/simplicitystudio/v4/developer/toolchains/gnu_arm/4.9_2015q3/bin/../lib/gcc/arm-none-eabi/4.9.3/armv7e-m/softfp/crtbegin.o

.ARM.extab
 *(.ARM.extab* .gnu.linkonce.armextab.*)
                0x0000a434                __exidx_start = .

.ARM.exidx      0x0000a434        0x8
 *(.ARM.exidx* .gnu.linkonce.armexidx.*)
 .ARM.exidx     0x0000a434        0x8 c:/siliconlabs/simplicitystudio/v4/developer/toolchains/gnu_arm/4.9_2015q3/bin/../lib/gcc/arm-none-eabi/4.9.3/../../../../arm-none-eabi/lib/armv7e-m/softfp/crt0.o
 .ARM.exidx     0x0000a43c        0x0 c:/siliconlabs/simplicitystudio/v4/developer/toolchains/gnu_arm/4.9_2015q3/bin/../lib/gcc/arm-none-eabi/4.9.3/armv7e-m/softfp\libgcc.a(_divdi3.o)
                                  0x8 (size before relaxing)
 .ARM.exidx     0x0000a43c        0x0 c:/siliconlabs/simplicitystudio/v4/developer/toolchains/gnu_arm/4.9_2015q3/bin/../lib/gcc/arm-none-eabi/4.9.3/armv7e-m/softfp\libgcc.a(_udivdi3.o)
                                  0x8 (size before relaxing)
                0x0000a43c                __exidx_end = .
                0x0000a43c                __etext = .

.rel.dyn        0x0000a43c        0x0
 .rel.iplt      0x00000000        0x0 c:/siliconlabs/simplicitystudio/v4/developer/toolchains/gnu_arm/4.9_2015q3/bin/../lib/gcc/arm-none-eabi/4.9.3/armv7e-m/softfp/crtbegin.o

.data           0x20000000      0x1a4 load address 0x0000a43c
                0x20000000                __data_start__ = .
 *(vtable)
 *(.data*)
 .data.SystemHFXOClock
                0x20000000        0x4 ./CMSIS/EFM32GG11B/system_efm32gg11b.o
 .data.SystemLFXOClock
                0x20000004        0x4 ./CMSIS/EFM32GG11B/system_efm32gg11b.o
 .data.SystemCoreClock
                0x20000008        0x4 ./CMSIS/EFM32GG11B/system_efm32gg11b.o
                0x20000008                SystemCoreClock
 .data.SystemHfrcoFreq
                0x2000000c        0x4 ./CMSIS/EFM32GG11B/system_efm32gg11b.o
                0x2000000c                SystemHfrcoFreq
 .data.initRTCC
                0x20000010        0xa ./Drivers/rtcdriver.o
 *fill*         0x2000001a        0x2 
 .data.initRTCCCompareChannel
                0x2000001c        0x7 ./Drivers/rtcdriver.o
 *fill*         0x20000023        0x1 
 .data.auxHfrcoFreq
                0x20000024        0x4 ./emlib/em_cmu.o
 .data.ushfrcoFreq
                0x20000028        0x4 ./emlib/em_cmu.o
 .data.spi_handle
                0x2000002c        0x4 ./src/main.o
                0x2000002c                spi_handle
 .data.rxBufferQueue
                0x20000030       0x80 ./src/main.o
 .data.txBufferQueue
                0x200000b0       0x80 ./src/main.o
 .data.uart_handle
                0x20000130        0x4 ./src/main.o
                0x20000130                uart_handle
 .data.impure_data
                0x20000134       0x60 c:/siliconlabs/simplicitystudio/v4/developer/toolchains/gnu_arm/4.9_2015q3/bin/../lib/gcc/arm-none-eabi/4.9.3/../../../../arm-none-eabi/lib/armv7e-m/softfp\libc_nano.a(lib_a-impure.o)
 .data._impure_ptr
                0x20000194        0x4 c:/siliconlabs/simplicitystudio/v4/developer/toolchains/gnu_arm/4.9_2015q3/bin/../lib/gcc/arm-none-eabi/4.9.3/../../../../arm-none-eabi/lib/armv7e-m/softfp\libc_nano.a(lib_a-impure.o)
                0x20000194                _impure_ptr
                0x20000198                . = ALIGN (0x4)
 *(.ram)
                0x20000198                . = ALIGN (0x4)
                0x20000198                PROVIDE (__preinit_array_start, .)
 *(.preinit_array)
                0x20000198                PROVIDE (__preinit_array_end, .)
                0x20000198                . = ALIGN (0x4)
                0x20000198                PROVIDE (__init_array_start, .)
 *(SORT(.init_array.*))
 *(.init_array)
 .init_array    0x20000198        0x4 c:/siliconlabs/simplicitystudio/v4/developer/toolchains/gnu_arm/4.9_2015q3/bin/../lib/gcc/arm-none-eabi/4.9.3/armv7e-m/softfp/crtbegin.o
                0x2000019c                PROVIDE (__init_array_end, .)
                0x2000019c                . = ALIGN (0x4)
                0x2000019c                PROVIDE (__fini_array_start, .)
 *(SORT(.fini_array.*))
 *(.fini_array)
 .fini_array    0x2000019c        0x4 c:/siliconlabs/simplicitystudio/v4/developer/toolchains/gnu_arm/4.9_2015q3/bin/../lib/gcc/arm-none-eabi/4.9.3/armv7e-m/softfp/crtbegin.o
                0x200001a0                PROVIDE (__fini_array_end, .)
 *(.jcr*)
 .jcr           0x200001a0        0x0 c:/siliconlabs/simplicitystudio/v4/developer/toolchains/gnu_arm/4.9_2015q3/bin/../lib/gcc/arm-none-eabi/4.9.3/armv7e-m/softfp/crtbegin.o
 .jcr           0x200001a0        0x4 c:/siliconlabs/simplicitystudio/v4/developer/toolchains/gnu_arm/4.9_2015q3/bin/../lib/gcc/arm-none-eabi/4.9.3/armv7e-m/softfp/crtend.o
                0x200001a4                . = ALIGN (0x4)
                0x200001a4                __data_end__ = .

.igot.plt       0x200001a4        0x0 load address 0x0000a5e0
 .igot.plt      0x00000000        0x0 c:/siliconlabs/simplicitystudio/v4/developer/toolchains/gnu_arm/4.9_2015q3/bin/../lib/gcc/arm-none-eabi/4.9.3/armv7e-m/softfp/crtbegin.o

.bss            0x200001a8      0x68c load address 0x0000a5e8
                0x200001a8                . = ALIGN (0x4)
                0x200001a8                __bss_start__ = .
 *(.bss*)
 .bss           0x200001a8       0x1c c:/siliconlabs/simplicitystudio/v4/developer/toolchains/gnu_arm/4.9_2015q3/bin/../lib/gcc/arm-none-eabi/4.9.3/armv7e-m/softfp/crtbegin.o
 .bss.initialized
                0x200001c4        0x1 ./Drivers/dmadrv.o
 *fill*         0x200001c5        0x3 
 .bss.chTable   0x200001c8      0x180 ./Drivers/dmadrv.o
 .bss.dmaXfer   0x20000348      0x300 ./Drivers/dmadrv.o
 .bss.gpioCallbacks
                0x20000648       0x40 ./Drivers/gpiointerrupt.o
 .bss.timer     0x20000688       0xa0 ./Drivers/rtcdriver.o
 .bss.lastStart
                0x20000728        0x4 ./Drivers/rtcdriver.o
 .bss.startTimerNestingLevel
                0x2000072c        0x4 ./Drivers/rtcdriver.o
 .bss.inTimerIRQ
                0x20000730        0x1 ./Drivers/rtcdriver.o
 .bss.rtcRunning
                0x20000731        0x1 ./Drivers/rtcdriver.o
 .bss.rtcdrvIsInitialized
                0x20000732        0x1 ./Drivers/rtcdriver.o
 .bss.spidrvIsInitialized
                0x20000733        0x1 ./Drivers/spidrv.o
 .bss.uartdrvHandleIsInitialized
                0x20000734        0x1 ./Drivers/uartdrv.o
 *fill*         0x20000735        0x3 
 .bss.uartdrvHandle
                0x20000738       0x10 ./Drivers/uartdrv.o
 .bss.timeElapsed
                0x20000748        0x1 ./Drivers/ustimer.o
 *fill*         0x20000749        0x3 
 .bss.vScaleEM01Config
                0x2000074c        0x1 ./emlib/em_emu.o
 *fill*         0x2000074d        0x3 
 .bss.__malloc_sbrk_start
                0x20000750        0x4 c:/siliconlabs/simplicitystudio/v4/developer/toolchains/gnu_arm/4.9_2015q3/bin/../lib/gcc/arm-none-eabi/4.9.3/../../../../arm-none-eabi/lib/armv7e-m/softfp\libc_nano.a(lib_a-nano-mallocr.o)
                0x20000750                __malloc_sbrk_start
 .bss.__malloc_free_list
                0x20000754        0x4 c:/siliconlabs/simplicitystudio/v4/developer/toolchains/gnu_arm/4.9_2015q3/bin/../lib/gcc/arm-none-eabi/4.9.3/../../../../arm-none-eabi/lib/armv7e-m/softfp\libc_nano.a(lib_a-nano-mallocr.o)
                0x20000754                __malloc_free_list
 .bss.heap_end.4079
                0x20000758        0x4 c:/siliconlabs/simplicitystudio/v4/developer/toolchains/gnu_arm/4.9_2015q3/bin/../lib/gcc/arm-none-eabi/4.9.3/../../../../arm-none-eabi/lib/armv7e-m/softfp\libnosys.a(sbrk.o)
 *(COMMON)
 COMMON         0x2000075c       0xd4 ./src/main.o
                0x2000075c                spi_handleData
                0x200007b4                uart_tx_buffer
                0x200007d8                rtc_id
                0x200007dc                spi_rx_buffer
                0x200007f4                spi_tx_buffer
                0x200007f8                spi_tx_config_buffer
                0x200007fc                uart_handleData
 COMMON         0x20000830        0x4 c:/siliconlabs/simplicitystudio/v4/developer/toolchains/gnu_arm/4.9_2015q3/bin/../lib/gcc/arm-none-eabi/4.9.3/../../../../arm-none-eabi/lib/armv7e-m/softfp\libc_nano.a(lib_a-reent.o)
                0x20000830                errno
                0x20000834                . = ALIGN (0x4)
                0x20000834                __bss_end__ = .

.heap           0x20000838      0xc00
                0x20000838                __HeapBase = .
                0x20000838                __end__ = .
                0x20000838                end = __end__
                0x20000838                _end = __end__
 *(.heap*)
 .heap          0x20000838      0xc00 ./CMSIS/EFM32GG11B/startup_efm32gg11b.o
                0x20001438                __HeapLimit = .

.stack_dummy    0x20000838      0x400
 *(.stack*)
 .stack         0x20000838      0x400 ./CMSIS/EFM32GG11B/startup_efm32gg11b.o
                0x20080000                __StackTop = (ORIGIN (RAM) + 0x80000)
                0x2007fc00                __StackLimit = (__StackTop - SIZEOF (.stack_dummy))
                0x20080000                PROVIDE (__stack, __StackTop)
                0x00000001                ASSERT ((__StackLimit >= __HeapLimit), region RAM overflowed with stack)
                0x00000001                ASSERT ((0x200000 >= (__etext + SIZEOF (.data))), FLASH memory overflowed !)
OUTPUT(GG11_MAX35103.axf elf32-littlearm)

.ARM.attributes
                0x00000000       0x2e
 .ARM.attributes
                0x00000000       0x22 c:/siliconlabs/simplicitystudio/v4/developer/toolchains/gnu_arm/4.9_2015q3/bin/../lib/gcc/arm-none-eabi/4.9.3/armv7e-m/softfp/crti.o
 .ARM.attributes
                0x00000022       0x32 c:/siliconlabs/simplicitystudio/v4/developer/toolchains/gnu_arm/4.9_2015q3/bin/../lib/gcc/arm-none-eabi/4.9.3/armv7e-m/softfp/crtbegin.o
 .ARM.attributes
                0x00000054       0x20 c:/siliconlabs/simplicitystudio/v4/developer/toolchains/gnu_arm/4.9_2015q3/bin/../lib/gcc/arm-none-eabi/4.9.3/../../../../arm-none-eabi/lib/armv7e-m/softfp/crt0.o
 .ARM.attributes
                0x00000074       0x1f ./CMSIS/EFM32GG11B/startup_efm32gg11b.o
 .ARM.attributes
                0x00000093       0x37 ./CMSIS/EFM32GG11B/system_efm32gg11b.o
 .ARM.attributes
                0x000000ca       0x37 ./Drivers/dmadrv.o
 .ARM.attributes
                0x00000101       0x37 ./Drivers/gpiointerrupt.o
 .ARM.attributes
                0x00000138       0x37 ./Drivers/rtcdriver.o
 .ARM.attributes
                0x0000016f       0x37 ./Drivers/spidrv.o
 .ARM.attributes
                0x000001a6       0x37 ./Drivers/uartdrv.o
 .ARM.attributes
                0x000001dd       0x37 ./Drivers/ustimer.o
 .ARM.attributes
                0x00000214       0x37 ./emlib/em_cmu.o
 .ARM.attributes
                0x0000024b       0x37 ./emlib/em_core.o
 .ARM.attributes
                0x00000282       0x37 ./emlib/em_emu.o
 .ARM.attributes
                0x000002b9       0x37 ./emlib/em_gpio.o
 .ARM.attributes
                0x000002f0       0x37 ./emlib/em_ldma.o
 .ARM.attributes
                0x00000327       0x37 ./emlib/em_leuart.o
 .ARM.attributes
                0x0000035e       0x37 ./emlib/em_rtcc.o
 .ARM.attributes
                0x00000395       0x37 ./emlib/em_usart.o
 .ARM.attributes
                0x000003cc       0x37 ./src/main.o
 .ARM.attributes
                0x00000403       0x22 c:/siliconlabs/simplicitystudio/v4/developer/toolchains/gnu_arm/4.9_2015q3/bin/../lib/gcc/arm-none-eabi/4.9.3/armv7e-m/softfp\libgcc.a(_arm_addsubdf3.o)
 .ARM.attributes
                0x00000425       0x22 c:/siliconlabs/simplicitystudio/v4/developer/toolchains/gnu_arm/4.9_2015q3/bin/../lib/gcc/arm-none-eabi/4.9.3/armv7e-m/softfp\libgcc.a(_aeabi_uldivmod.o)
 .ARM.attributes
                0x00000447       0x32 c:/siliconlabs/simplicitystudio/v4/developer/toolchains/gnu_arm/4.9_2015q3/bin/../lib/gcc/arm-none-eabi/4.9.3/armv7e-m/softfp\libgcc.a(bpabi.o)
 .ARM.attributes
                0x00000479       0x22 c:/siliconlabs/simplicitystudio/v4/developer/toolchains/gnu_arm/4.9_2015q3/bin/../lib/gcc/arm-none-eabi/4.9.3/armv7e-m/softfp\libgcc.a(_dvmd_tls.o)
 .ARM.attributes
                0x0000049b       0x32 c:/siliconlabs/simplicitystudio/v4/developer/toolchains/gnu_arm/4.9_2015q3/bin/../lib/gcc/arm-none-eabi/4.9.3/armv7e-m/softfp\libgcc.a(_divdi3.o)
 .ARM.attributes
                0x000004cd       0x32 c:/siliconlabs/simplicitystudio/v4/developer/toolchains/gnu_arm/4.9_2015q3/bin/../lib/gcc/arm-none-eabi/4.9.3/armv7e-m/softfp\libgcc.a(_udivdi3.o)
 .ARM.attributes
                0x000004ff       0x32 c:/siliconlabs/simplicitystudio/v4/developer/toolchains/gnu_arm/4.9_2015q3/bin/../lib/gcc/arm-none-eabi/4.9.3/../../../../arm-none-eabi/lib/armv7e-m/softfp\libc_nano.a(lib_a-efgcvt.o)
 .ARM.attributes
                0x00000531       0x32 c:/siliconlabs/simplicitystudio/v4/developer/toolchains/gnu_arm/4.9_2015q3/bin/../lib/gcc/arm-none-eabi/4.9.3/../../../../arm-none-eabi/lib/armv7e-m/softfp\libc_nano.a(lib_a-exit.o)
 .ARM.attributes
                0x00000563       0x32 c:/siliconlabs/simplicitystudio/v4/developer/toolchains/gnu_arm/4.9_2015q3/bin/../lib/gcc/arm-none-eabi/4.9.3/../../../../arm-none-eabi/lib/armv7e-m/softfp\libc_nano.a(lib_a-impure.o)
 .ARM.attributes
                0x00000595       0x32 c:/siliconlabs/simplicitystudio/v4/developer/toolchains/gnu_arm/4.9_2015q3/bin/../lib/gcc/arm-none-eabi/4.9.3/../../../../arm-none-eabi/lib/armv7e-m/softfp\libc_nano.a(lib_a-init.o)
 .ARM.attributes
                0x000005c7       0x32 c:/siliconlabs/simplicitystudio/v4/developer/toolchains/gnu_arm/4.9_2015q3/bin/../lib/gcc/arm-none-eabi/4.9.3/../../../../arm-none-eabi/lib/armv7e-m/softfp\libc_nano.a(lib_a-memcpy.o)
 .ARM.attributes
                0x000005f9       0x32 c:/siliconlabs/simplicitystudio/v4/developer/toolchains/gnu_arm/4.9_2015q3/bin/../lib/gcc/arm-none-eabi/4.9.3/../../../../arm-none-eabi/lib/armv7e-m/softfp\libc_nano.a(lib_a-memset.o)
 .ARM.attributes
                0x0000062b       0x32 c:/siliconlabs/simplicitystudio/v4/developer/toolchains/gnu_arm/4.9_2015q3/bin/../lib/gcc/arm-none-eabi/4.9.3/../../../../arm-none-eabi/lib/armv7e-m/softfp\libc_nano.a(lib_a-sprintf.o)
 .ARM.attributes
                0x0000065d       0x32 c:/siliconlabs/simplicitystudio/v4/developer/toolchains/gnu_arm/4.9_2015q3/bin/../lib/gcc/arm-none-eabi/4.9.3/../../../../arm-none-eabi/lib/armv7e-m/softfp\libc_nano.a(lib_a-ecvtbuf.o)
 .ARM.attributes
                0x0000068f       0x32 c:/siliconlabs/simplicitystudio/v4/developer/toolchains/gnu_arm/4.9_2015q3/bin/../lib/gcc/arm-none-eabi/4.9.3/../../../../arm-none-eabi/lib/armv7e-m/softfp\libc_nano.a(lib_a-mprec.o)
 .ARM.attributes
                0x000006c1       0x32 c:/siliconlabs/simplicitystudio/v4/developer/toolchains/gnu_arm/4.9_2015q3/bin/../lib/gcc/arm-none-eabi/4.9.3/../../../../arm-none-eabi/lib/armv7e-m/softfp\libc_nano.a(lib_a-nano-callocr.o)
 .ARM.attributes
                0x000006f3       0x32 c:/siliconlabs/simplicitystudio/v4/developer/toolchains/gnu_arm/4.9_2015q3/bin/../lib/gcc/arm-none-eabi/4.9.3/../../../../arm-none-eabi/lib/armv7e-m/softfp\libc_nano.a(lib_a-nano-mallocr.o)
 .ARM.attributes
                0x00000725       0x32 c:/siliconlabs/simplicitystudio/v4/developer/toolchains/gnu_arm/4.9_2015q3/bin/../lib/gcc/arm-none-eabi/4.9.3/../../../../arm-none-eabi/lib/armv7e-m/softfp\libc_nano.a(lib_a-nano-reallocr.o)
 .ARM.attributes
                0x00000757       0x32 c:/siliconlabs/simplicitystudio/v4/developer/toolchains/gnu_arm/4.9_2015q3/bin/../lib/gcc/arm-none-eabi/4.9.3/../../../../arm-none-eabi/lib/armv7e-m/softfp\libc_nano.a(lib_a-nano-svfprintf.o)
 .ARM.attributes
                0x00000789       0x32 c:/siliconlabs/simplicitystudio/v4/developer/toolchains/gnu_arm/4.9_2015q3/bin/../lib/gcc/arm-none-eabi/4.9.3/../../../../arm-none-eabi/lib/armv7e-m/softfp\libc_nano.a(lib_a-nano-vfprintf_i.o)
 .ARM.attributes
                0x000007bb       0x32 c:/siliconlabs/simplicitystudio/v4/developer/toolchains/gnu_arm/4.9_2015q3/bin/../lib/gcc/arm-none-eabi/4.9.3/../../../../arm-none-eabi/lib/armv7e-m/softfp\libc_nano.a(lib_a-sbrkr.o)
 .ARM.attributes
                0x000007ed       0x32 c:/siliconlabs/simplicitystudio/v4/developer/toolchains/gnu_arm/4.9_2015q3/bin/../lib/gcc/arm-none-eabi/4.9.3/../../../../arm-none-eabi/lib/armv7e-m/softfp\libc_nano.a(lib_a-strcpy.o)
 .ARM.attributes
                0x0000081f       0x32 c:/siliconlabs/simplicitystudio/v4/developer/toolchains/gnu_arm/4.9_2015q3/bin/../lib/gcc/arm-none-eabi/4.9.3/../../../../arm-none-eabi/lib/armv7e-m/softfp\libc_nano.a(lib_a-dtoa.o)
 .ARM.attributes
                0x00000851       0x32 c:/siliconlabs/simplicitystudio/v4/developer/toolchains/gnu_arm/4.9_2015q3/bin/../lib/gcc/arm-none-eabi/4.9.3/../../../../arm-none-eabi/lib/armv7e-m/softfp\libc_nano.a(lib_a-malloc.o)
 .ARM.attributes
                0x00000883       0x32 c:/siliconlabs/simplicitystudio/v4/developer/toolchains/gnu_arm/4.9_2015q3/bin/../lib/gcc/arm-none-eabi/4.9.3/../../../../arm-none-eabi/lib/armv7e-m/softfp\libc_nano.a(lib_a-memchr.o)
 .ARM.attributes
                0x000008b5       0x32 c:/siliconlabs/simplicitystudio/v4/developer/toolchains/gnu_arm/4.9_2015q3/bin/../lib/gcc/arm-none-eabi/4.9.3/../../../../arm-none-eabi/lib/armv7e-m/softfp\libc_nano.a(lib_a-memmove.o)
 .ARM.attributes
                0x000008e7       0x32 c:/siliconlabs/simplicitystudio/v4/developer/toolchains/gnu_arm/4.9_2015q3/bin/../lib/gcc/arm-none-eabi/4.9.3/../../../../arm-none-eabi/lib/armv7e-m/softfp\libc_nano.a(lib_a-nano-freer.o)
 .ARM.attributes
                0x00000919       0x32 c:/siliconlabs/simplicitystudio/v4/developer/toolchains/gnu_arm/4.9_2015q3/bin/../lib/gcc/arm-none-eabi/4.9.3/../../../../arm-none-eabi/lib/armv7e-m/softfp\libc_nano.a(lib_a-nano-msizer.o)
 .ARM.attributes
                0x0000094b       0x32 c:/siliconlabs/simplicitystudio/v4/developer/toolchains/gnu_arm/4.9_2015q3/bin/../lib/gcc/arm-none-eabi/4.9.3/../../../../arm-none-eabi/lib/armv7e-m/softfp\libc_nano.a(lib_a-reent.o)
 .ARM.attributes
                0x0000097d       0x32 c:/siliconlabs/simplicitystudio/v4/developer/toolchains/gnu_arm/4.9_2015q3/bin/../lib/gcc/arm-none-eabi/4.9.3/../../../../arm-none-eabi/lib/armv7e-m/softfp\libnosys.a(sbrk.o)
 .ARM.attributes
                0x000009af       0x32 c:/siliconlabs/simplicitystudio/v4/developer/toolchains/gnu_arm/4.9_2015q3/bin/../lib/gcc/arm-none-eabi/4.9.3/../../../../arm-none-eabi/lib/armv7e-m/softfp\libnosys.a(_exit.o)
 .ARM.attributes
                0x000009e1       0x22 c:/siliconlabs/simplicitystudio/v4/developer/toolchains/gnu_arm/4.9_2015q3/bin/../lib/gcc/arm-none-eabi/4.9.3/armv7e-m/softfp\libgcc.a(_arm_muldivdf3.o)
 .ARM.attributes
                0x00000a03       0x22 c:/siliconlabs/simplicitystudio/v4/developer/toolchains/gnu_arm/4.9_2015q3/bin/../lib/gcc/arm-none-eabi/4.9.3/armv7e-m/softfp\libgcc.a(_arm_cmpdf2.o)
 .ARM.attributes
                0x00000a25       0x22 c:/siliconlabs/simplicitystudio/v4/developer/toolchains/gnu_arm/4.9_2015q3/bin/../lib/gcc/arm-none-eabi/4.9.3/armv7e-m/softfp\libgcc.a(_arm_fixdfsi.o)
 .ARM.attributes
                0x00000a47       0x32 c:/siliconlabs/simplicitystudio/v4/developer/toolchains/gnu_arm/4.9_2015q3/bin/../lib/gcc/arm-none-eabi/4.9.3/armv7e-m/softfp/crtend.o
 .ARM.attributes
                0x00000a79       0x22 c:/siliconlabs/simplicitystudio/v4/developer/toolchains/gnu_arm/4.9_2015q3/bin/../lib/gcc/arm-none-eabi/4.9.3/armv7e-m/softfp/crtn.o

.comment        0x00000000       0x70
 .comment       0x00000000       0x70 ./CMSIS/EFM32GG11B/system_efm32gg11b.o
                                 0x71 (size before relaxing)
 .comment       0x00000000       0x71 ./Drivers/dmadrv.o
 .comment       0x00000000       0x71 ./Drivers/gpiointerrupt.o
 .comment       0x00000000       0x71 ./Drivers/rtcdriver.o
 .comment       0x00000000       0x71 ./Drivers/spidrv.o
 .comment       0x00000000       0x71 ./Drivers/uartdrv.o
 .comment       0x00000000       0x71 ./Drivers/ustimer.o
 .comment       0x00000000       0x71 ./emlib/em_cmu.o
 .comment       0x00000000       0x71 ./emlib/em_core.o
 .comment       0x00000000       0x71 ./emlib/em_emu.o
 .comment       0x00000000       0x71 ./emlib/em_gpio.o
 .comment       0x00000000       0x71 ./emlib/em_ldma.o
 .comment       0x00000000       0x71 ./emlib/em_leuart.o
 .comment       0x00000000       0x71 ./emlib/em_rtcc.o
 .comment       0x00000000       0x71 ./emlib/em_usart.o
 .comment       0x00000000       0x71 ./src/main.o

.debug_line     0x00000000     0x8b93
 .debug_line    0x00000000       0xd9 ./CMSIS/EFM32GG11B/startup_efm32gg11b.o
 .debug_line    0x000000d9      0x355 ./CMSIS/EFM32GG11B/system_efm32gg11b.o
 .debug_line    0x0000042e      0x613 ./Drivers/dmadrv.o
 .debug_line    0x00000a41      0x4a5 ./Drivers/gpiointerrupt.o
 .debug_line    0x00000ee6      0x766 ./Drivers/rtcdriver.o
 .debug_line    0x0000164c     0x1718 ./Drivers/spidrv.o
 .debug_line    0x00002d64     0x18f1 ./Drivers/uartdrv.o
 .debug_line    0x00004655      0x5e9 ./Drivers/ustimer.o
 .debug_line    0x00004c3e      0xe01 ./emlib/em_cmu.o
 .debug_line    0x00005a3f      0x5ff ./emlib/em_core.o
 .debug_line    0x0000603e      0xc08 ./emlib/em_emu.o
 .debug_line    0x00006c46      0x52f ./emlib/em_gpio.o
 .debug_line    0x00007175      0x43d ./emlib/em_ldma.o
 .debug_line    0x000075b2      0x428 ./emlib/em_leuart.o
 .debug_line    0x000079da      0x394 ./emlib/em_rtcc.o
 .debug_line    0x00007d6e      0x613 ./emlib/em_usart.o
 .debug_line    0x00008381      0x812 ./src/main.o

.debug_info     0x00000000    0x15bfa
 .debug_info    0x00000000      0x10b ./CMSIS/EFM32GG11B/startup_efm32gg11b.o
 .debug_info    0x0000010b      0x93c ./CMSIS/EFM32GG11B/system_efm32gg11b.o
 .debug_info    0x00000a47     0x16a2 ./Drivers/dmadrv.o
 .debug_info    0x000020e9      0x8bb ./Drivers/gpiointerrupt.o
 .debug_info    0x000029a4     0x13e8 ./Drivers/rtcdriver.o
 .debug_info    0x00003d8c     0x2081 ./Drivers/spidrv.o
 .debug_info    0x00005e0d     0x3013 ./Drivers/uartdrv.o
 .debug_info    0x00008e20     0x12c6 ./Drivers/ustimer.o
 .debug_info    0x0000a0e6     0x293e ./emlib/em_cmu.o
 .debug_info    0x0000ca24      0xdc0 ./emlib/em_core.o
 .debug_info    0x0000d7e4     0x27e2 ./emlib/em_emu.o
 .debug_info    0x0000ffc6      0xaee ./emlib/em_gpio.o
 .debug_info    0x00010ab4     0x139c ./emlib/em_ldma.o
 .debug_info    0x00011e50      0x989 ./emlib/em_leuart.o
 .debug_info    0x000127d9      0x6c6 ./emlib/em_rtcc.o
 .debug_info    0x00012e9f     0x10d5 ./emlib/em_usart.o
 .debug_info    0x00013f74     0x1c86 ./src/main.o

.debug_abbrev   0x00000000     0x252d
 .debug_abbrev  0x00000000       0x14 ./CMSIS/EFM32GG11B/startup_efm32gg11b.o
 .debug_abbrev  0x00000014      0x1a7 ./CMSIS/EFM32GG11B/system_efm32gg11b.o
 .debug_abbrev  0x000001bb      0x25d ./Drivers/dmadrv.o
 .debug_abbrev  0x00000418      0x24a ./Drivers/gpiointerrupt.o
 .debug_abbrev  0x00000662      0x282 ./Drivers/rtcdriver.o
 .debug_abbrev  0x000008e4      0x259 ./Drivers/spidrv.o
 .debug_abbrev  0x00000b3d      0x2fb ./Drivers/uartdrv.o
 .debug_abbrev  0x00000e38      0x237 ./Drivers/ustimer.o
 .debug_abbrev  0x0000106f      0x307 ./emlib/em_cmu.o
 .debug_abbrev  0x00001376      0x239 ./emlib/em_core.o
 .debug_abbrev  0x000015af      0x31e ./emlib/em_emu.o
 .debug_abbrev  0x000018cd      0x1da ./emlib/em_gpio.o
 .debug_abbrev  0x00001aa7      0x264 ./emlib/em_ldma.o
 .debug_abbrev  0x00001d0b      0x1e2 ./emlib/em_leuart.o
 .debug_abbrev  0x00001eed      0x177 ./emlib/em_rtcc.o
 .debug_abbrev  0x00002064      0x1d9 ./emlib/em_usart.o
 .debug_abbrev  0x0000223d      0x2f0 ./src/main.o

.debug_aranges  0x00000000      0xe00
 .debug_aranges
                0x00000000       0x20 ./CMSIS/EFM32GG11B/startup_efm32gg11b.o
 .debug_aranges
                0x00000020       0x68 ./CMSIS/EFM32GG11B/system_efm32gg11b.o
 .debug_aranges
                0x00000088       0xa0 ./Drivers/dmadrv.o
 .debug_aranges
                0x00000128       0x68 ./Drivers/gpiointerrupt.o
 .debug_aranges
                0x00000190       0xe0 ./Drivers/rtcdriver.o
 .debug_aranges
                0x00000270      0x128 ./Drivers/spidrv.o
 .debug_aranges
                0x00000398      0x1d0 ./Drivers/uartdrv.o
 .debug_aranges
                0x00000568       0xc0 ./Drivers/ustimer.o
 .debug_aranges
                0x00000628      0x1f8 ./emlib/em_cmu.o
 .debug_aranges
                0x00000820       0xe8 ./emlib/em_core.o
 .debug_aranges
                0x00000908      0x198 ./emlib/em_emu.o
 .debug_aranges
                0x00000aa0       0x88 ./emlib/em_gpio.o
 .debug_aranges
                0x00000b28       0x80 ./emlib/em_ldma.o
 .debug_aranges
                0x00000ba8       0x88 ./emlib/em_leuart.o
 .debug_aranges
                0x00000c30       0x50 ./emlib/em_rtcc.o
 .debug_aranges
                0x00000c80       0xb8 ./emlib/em_usart.o
 .debug_aranges
                0x00000d38       0xc8 ./src/main.o

.debug_loc      0x00000000     0x7dd1
 .debug_loc     0x00000000      0x2e4 ./CMSIS/EFM32GG11B/system_efm32gg11b.o
 .debug_loc     0x000002e4      0x568 ./Drivers/dmadrv.o
 .debug_loc     0x0000084c      0x338 ./Drivers/gpiointerrupt.o
 .debug_loc     0x00000b84      0x7f8 ./Drivers/rtcdriver.o
 .debug_loc     0x0000137c      0xac7 ./Drivers/spidrv.o
 .debug_loc     0x00001e43     0x1220 ./Drivers/uartdrv.o
 .debug_loc     0x00003063      0x6d8 ./Drivers/ustimer.o
 .debug_loc     0x0000373b     0x12cc ./emlib/em_cmu.o
 .debug_loc     0x00004a07      0x88c ./emlib/em_core.o
 .debug_loc     0x00005293      0xe66 ./emlib/em_emu.o
 .debug_loc     0x000060f9      0x4b4 ./emlib/em_gpio.o
 .debug_loc     0x000065ad      0x434 ./emlib/em_ldma.o
 .debug_loc     0x000069e1      0x49c ./emlib/em_leuart.o
 .debug_loc     0x00006e7d      0x23c ./emlib/em_rtcc.o
 .debug_loc     0x000070b9      0x6d2 ./emlib/em_usart.o
 .debug_loc     0x0000778b      0x646 ./src/main.o

.debug_ranges   0x00000000      0xce0
 .debug_ranges  0x00000000       0x58 ./CMSIS/EFM32GG11B/system_efm32gg11b.o
 .debug_ranges  0x00000058       0x90 ./Drivers/dmadrv.o
 .debug_ranges  0x000000e8       0x58 ./Drivers/gpiointerrupt.o
 .debug_ranges  0x00000140       0xd0 ./Drivers/rtcdriver.o
 .debug_ranges  0x00000210      0x118 ./Drivers/spidrv.o
 .debug_ranges  0x00000328      0x1c0 ./Drivers/uartdrv.o
 .debug_ranges  0x000004e8       0xb0 ./Drivers/ustimer.o
 .debug_ranges  0x00000598      0x1e8 ./emlib/em_cmu.o
 .debug_ranges  0x00000780       0xd8 ./emlib/em_core.o
 .debug_ranges  0x00000858      0x188 ./emlib/em_emu.o
 .debug_ranges  0x000009e0       0x78 ./emlib/em_gpio.o
 .debug_ranges  0x00000a58       0x70 ./emlib/em_ldma.o
 .debug_ranges  0x00000ac8       0x78 ./emlib/em_leuart.o
 .debug_ranges  0x00000b40       0x40 ./emlib/em_rtcc.o
 .debug_ranges  0x00000b80       0xa8 ./emlib/em_usart.o
 .debug_ranges  0x00000c28       0xb8 ./src/main.o

.debug_str      0x00000000     0x832c
 .debug_str     0x00000000      0x66a ./CMSIS/EFM32GG11B/system_efm32gg11b.o
                                0x6da (size before relaxing)
 .debug_str     0x0000066a     0x198d ./Drivers/dmadrv.o
                               0x1bad (size before relaxing)
 .debug_str     0x00001ff7      0x5e7 ./Drivers/gpiointerrupt.o
                                0x865 (size before relaxing)
 .debug_str     0x000025de      0xe7d ./Drivers/rtcdriver.o
                               0x1538 (size before relaxing)
 .debug_str     0x0000345b      0xc3b ./Drivers/spidrv.o
                               0x2819 (size before relaxing)
 .debug_str     0x00004096      0xb40 ./Drivers/uartdrv.o
                               0x30ba (size before relaxing)
 .debug_str     0x00004bd6      0x6df ./Drivers/ustimer.o
                               0x12df (size before relaxing)
 .debug_str     0x000052b5     0x12b9 ./emlib/em_cmu.o
                               0x1e64 (size before relaxing)
 .debug_str     0x0000656e      0x308 ./emlib/em_core.o
                                0x9de (size before relaxing)
 .debug_str     0x00006876      0xfc4 ./emlib/em_emu.o
                               0x2274 (size before relaxing)
 .debug_str     0x0000783a      0x18d ./emlib/em_gpio.o
                                0x926 (size before relaxing)
 .debug_str     0x000079c7       0xd1 ./emlib/em_ldma.o
                                0xf7c (size before relaxing)
 .debug_str     0x00007a98      0x116 ./emlib/em_leuart.o
                                0xa02 (size before relaxing)
 .debug_str     0x00007bae       0x6a ./emlib/em_rtcc.o
                                0x819 (size before relaxing)
 .debug_str     0x00007c18      0x4f0 ./emlib/em_usart.o
                               0x10d6 (size before relaxing)
 .debug_str     0x00008108      0x224 ./src/main.o
                               0x24ec (size before relaxing)

.debug_frame    0x00000000     0x43d8
 .debug_frame   0x00000000      0x164 ./CMSIS/EFM32GG11B/system_efm32gg11b.o
 .debug_frame   0x00000164      0x280 ./Drivers/dmadrv.o
 .debug_frame   0x000003e4      0x184 ./Drivers/gpiointerrupt.o
 .debug_frame   0x00000568      0x3cc ./Drivers/rtcdriver.o
 .debug_frame   0x00000934      0x500 ./Drivers/spidrv.o
 .debug_frame   0x00000e34      0x844 ./Drivers/uartdrv.o
 .debug_frame   0x00001678      0x32c ./Drivers/ustimer.o
 .debug_frame   0x000019a4      0x8a8 ./emlib/em_cmu.o
 .debug_frame   0x0000224c      0x3e0 ./emlib/em_core.o
 .debug_frame   0x0000262c      0x6d0 ./emlib/em_emu.o
 .debug_frame   0x00002cfc      0x228 ./emlib/em_gpio.o
 .debug_frame   0x00002f24      0x1f4 ./emlib/em_ldma.o
 .debug_frame   0x00003118      0x21c ./emlib/em_leuart.o
 .debug_frame   0x00003334      0x110 ./emlib/em_rtcc.o
 .debug_frame   0x00003444      0x310 ./emlib/em_usart.o
 .debug_frame   0x00003754      0x32c ./src/main.o
 .debug_frame   0x00003a80       0x28 c:/siliconlabs/simplicitystudio/v4/developer/toolchains/gnu_arm/4.9_2015q3/bin/../lib/gcc/arm-none-eabi/4.9.3/armv7e-m/softfp\libgcc.a(_aeabi_uldivmod.o)
 .debug_frame   0x00003aa8       0x50 c:/siliconlabs/simplicitystudio/v4/developer/toolchains/gnu_arm/4.9_2015q3/bin/../lib/gcc/arm-none-eabi/4.9.3/armv7e-m/softfp\libgcc.a(bpabi.o)
 .debug_frame   0x00003af8       0x34 c:/siliconlabs/simplicitystudio/v4/developer/toolchains/gnu_arm/4.9_2015q3/bin/../lib/gcc/arm-none-eabi/4.9.3/armv7e-m/softfp\libgcc.a(_divdi3.o)
 .debug_frame   0x00003b2c       0x30 c:/siliconlabs/simplicitystudio/v4/developer/toolchains/gnu_arm/4.9_2015q3/bin/../lib/gcc/arm-none-eabi/4.9.3/armv7e-m/softfp\libgcc.a(_udivdi3.o)
 .debug_frame   0x00003b5c       0xd0 c:/siliconlabs/simplicitystudio/v4/developer/toolchains/gnu_arm/4.9_2015q3/bin/../lib/gcc/arm-none-eabi/4.9.3/../../../../arm-none-eabi/lib/armv7e-m/softfp\libc_nano.a(lib_a-efgcvt.o)
 .debug_frame   0x00003c2c       0x28 c:/siliconlabs/simplicitystudio/v4/developer/toolchains/gnu_arm/4.9_2015q3/bin/../lib/gcc/arm-none-eabi/4.9.3/../../../../arm-none-eabi/lib/armv7e-m/softfp\libc_nano.a(lib_a-exit.o)
 .debug_frame   0x00003c54       0x2c c:/siliconlabs/simplicitystudio/v4/developer/toolchains/gnu_arm/4.9_2015q3/bin/../lib/gcc/arm-none-eabi/4.9.3/../../../../arm-none-eabi/lib/armv7e-m/softfp\libc_nano.a(lib_a-init.o)
 .debug_frame   0x00003c80       0x28 c:/siliconlabs/simplicitystudio/v4/developer/toolchains/gnu_arm/4.9_2015q3/bin/../lib/gcc/arm-none-eabi/4.9.3/../../../../arm-none-eabi/lib/armv7e-m/softfp\libc_nano.a(lib_a-memcpy.o)
 .debug_frame   0x00003ca8       0x20 c:/siliconlabs/simplicitystudio/v4/developer/toolchains/gnu_arm/4.9_2015q3/bin/../lib/gcc/arm-none-eabi/4.9.3/../../../../arm-none-eabi/lib/armv7e-m/softfp\libc_nano.a(lib_a-memset.o)
 .debug_frame   0x00003cc8       0x70 c:/siliconlabs/simplicitystudio/v4/developer/toolchains/gnu_arm/4.9_2015q3/bin/../lib/gcc/arm-none-eabi/4.9.3/../../../../arm-none-eabi/lib/armv7e-m/softfp\libc_nano.a(lib_a-sprintf.o)
 .debug_frame   0x00003d38       0xd8 c:/siliconlabs/simplicitystudio/v4/developer/toolchains/gnu_arm/4.9_2015q3/bin/../lib/gcc/arm-none-eabi/4.9.3/../../../../arm-none-eabi/lib/armv7e-m/softfp\libc_nano.a(lib_a-ecvtbuf.o)
 .debug_frame   0x00003e10      0x230 c:/siliconlabs/simplicitystudio/v4/developer/toolchains/gnu_arm/4.9_2015q3/bin/../lib/gcc/arm-none-eabi/4.9.3/../../../../arm-none-eabi/lib/armv7e-m/softfp\libc_nano.a(lib_a-mprec.o)
 .debug_frame   0x00004040       0x2c c:/siliconlabs/simplicitystudio/v4/developer/toolchains/gnu_arm/4.9_2015q3/bin/../lib/gcc/arm-none-eabi/4.9.3/../../../../arm-none-eabi/lib/armv7e-m/softfp\libc_nano.a(lib_a-nano-callocr.o)
 .debug_frame   0x0000406c       0x2c c:/siliconlabs/simplicitystudio/v4/developer/toolchains/gnu_arm/4.9_2015q3/bin/../lib/gcc/arm-none-eabi/4.9.3/../../../../arm-none-eabi/lib/armv7e-m/softfp\libc_nano.a(lib_a-nano-mallocr.o)
 .debug_frame   0x00004098       0x3c c:/siliconlabs/simplicitystudio/v4/developer/toolchains/gnu_arm/4.9_2015q3/bin/../lib/gcc/arm-none-eabi/4.9.3/../../../../arm-none-eabi/lib/armv7e-m/softfp\libc_nano.a(lib_a-nano-reallocr.o)
 .debug_frame   0x000040d4       0x8c c:/siliconlabs/simplicitystudio/v4/developer/toolchains/gnu_arm/4.9_2015q3/bin/../lib/gcc/arm-none-eabi/4.9.3/../../../../arm-none-eabi/lib/armv7e-m/softfp\libc_nano.a(lib_a-nano-svfprintf.o)
 .debug_frame   0x00004160       0x58 c:/siliconlabs/simplicitystudio/v4/developer/toolchains/gnu_arm/4.9_2015q3/bin/../lib/gcc/arm-none-eabi/4.9.3/../../../../arm-none-eabi/lib/armv7e-m/softfp\libc_nano.a(lib_a-nano-vfprintf_i.o)
 .debug_frame   0x000041b8       0x2c c:/siliconlabs/simplicitystudio/v4/developer/toolchains/gnu_arm/4.9_2015q3/bin/../lib/gcc/arm-none-eabi/4.9.3/../../../../arm-none-eabi/lib/armv7e-m/softfp\libc_nano.a(lib_a-sbrkr.o)
 .debug_frame   0x000041e4       0x20 c:/siliconlabs/simplicitystudio/v4/developer/toolchains/gnu_arm/4.9_2015q3/bin/../lib/gcc/arm-none-eabi/4.9.3/../../../../arm-none-eabi/lib/armv7e-m/softfp\libc_nano.a(lib_a-strcpy.o)
 .debug_frame   0x00004204       0x6c c:/siliconlabs/simplicitystudio/v4/developer/toolchains/gnu_arm/4.9_2015q3/bin/../lib/gcc/arm-none-eabi/4.9.3/../../../../arm-none-eabi/lib/armv7e-m/softfp\libc_nano.a(lib_a-dtoa.o)
 .debug_frame   0x00004270       0x30 c:/siliconlabs/simplicitystudio/v4/developer/toolchains/gnu_arm/4.9_2015q3/bin/../lib/gcc/arm-none-eabi/4.9.3/../../../../arm-none-eabi/lib/armv7e-m/softfp\libc_nano.a(lib_a-malloc.o)
 .debug_frame   0x000042a0       0x28 c:/siliconlabs/simplicitystudio/v4/developer/toolchains/gnu_arm/4.9_2015q3/bin/../lib/gcc/arm-none-eabi/4.9.3/../../../../arm-none-eabi/lib/armv7e-m/softfp\libc_nano.a(lib_a-memchr.o)
 .debug_frame   0x000042c8       0x28 c:/siliconlabs/simplicitystudio/v4/developer/toolchains/gnu_arm/4.9_2015q3/bin/../lib/gcc/arm-none-eabi/4.9.3/../../../../arm-none-eabi/lib/armv7e-m/softfp\libc_nano.a(lib_a-memmove.o)
 .debug_frame   0x000042f0       0x2c c:/siliconlabs/simplicitystudio/v4/developer/toolchains/gnu_arm/4.9_2015q3/bin/../lib/gcc/arm-none-eabi/4.9.3/../../../../arm-none-eabi/lib/armv7e-m/softfp\libc_nano.a(lib_a-nano-freer.o)
 .debug_frame   0x0000431c       0x20 c:/siliconlabs/simplicitystudio/v4/developer/toolchains/gnu_arm/4.9_2015q3/bin/../lib/gcc/arm-none-eabi/4.9.3/../../../../arm-none-eabi/lib/armv7e-m/softfp\libc_nano.a(lib_a-nano-msizer.o)
 .debug_frame   0x0000433c       0x5c c:/siliconlabs/simplicitystudio/v4/developer/toolchains/gnu_arm/4.9_2015q3/bin/../lib/gcc/arm-none-eabi/4.9.3/../../../../arm-none-eabi/lib/armv7e-m/softfp\libc_nano.a(lib_a-reent.o)
 .debug_frame   0x00004398       0x20 c:/siliconlabs/simplicitystudio/v4/developer/toolchains/gnu_arm/4.9_2015q3/bin/../lib/gcc/arm-none-eabi/4.9.3/../../../../arm-none-eabi/lib/armv7e-m/softfp\libnosys.a(sbrk.o)
 .debug_frame   0x000043b8       0x20 c:/siliconlabs/simplicitystudio/v4/developer/toolchains/gnu_arm/4.9_2015q3/bin/../lib/gcc/arm-none-eabi/4.9.3/../../../../arm-none-eabi/lib/armv7e-m/softfp\libnosys.a(_exit.o)
